---
http_interactions:
- request:
    method: get
    uri: https://<CAPSULECRM_API_TOKEN>:x@<CAPSULECRM_ACCOUNT_NAME>.capsulecrm.com/api/party/37140416/people
    body:
      encoding: US-ASCII
      string: ''
    headers:
      User-Agent:
      - CapsuleCRM ruby gem
  response:
    status:
      code: 200
      message: OK
    headers:
      Date:
      - Fri, 01 Mar 2013 18:59:52 GMT
      Server:
      - Apache
      Set-Cookie:
      - JSESSIONID=F6EB84C8921087E6ED3CD43690339C22.nodea02; Path=/; Secure
      Content-Length:
      - '486'
      Content-Type:
      - ! '*/*'
    body:
      encoding: US-ASCII
      string: <?xml version="1.0" encoding="UTF-8" standalone="yes"?><parties size="1"><person><id>37140417</id><contacts/><pictureURL>https://d365sd3k9yw37.cloudfront.net/a/1362143125/theme/default/images/person_avatar_70.png</pictureURL><createdOn>2013-03-01T19:00:00Z</createdOn><updatedOn>2013-03-01T19:00:00Z</updatedOn><firstName>Turk
        Turkleton</firstName><jobTitle>CTO</jobTitle><organisationId>37140416</organisationId><organisationName>ACME
        widgets Inc.</organisationName></person></parties>
    http_version: 
  recorded_at: Fri, 01 Mar 2013 19:00:02 GMT
- request:
    method: delete
    uri: https://<CAPSULECRM_API_TOKEN>:x@<CAPSULECRM_ACCOUNT_NAME>.capsulecrm.com/api/party/37140416
    body:
      encoding: US-ASCII
      string: ''
    headers:
      User-Agent:
      - CapsuleCRM ruby gem
  response:
    status:
      code: 200
      message: OK
    headers:
      Date:
      - Fri, 01 Mar 2013 18:59:53 GMT
      Server:
      - Apache
      Set-Cookie:
      - JSESSIONID=E4FFB97CB5A2F9F410334229795A7667.nodea01; Path=/; Secure
      Content-Length:
      - '0'
      Content-Type:
      - text/plain
    body:
      encoding: US-ASCII
      string: ''
    http_version: 
  recorded_at: Fri, 01 Mar 2013 19:00:03 GMT
- request:
    method: delete
    uri: https://<CAPSULECRM_API_TOKEN>:x@<CAPSULECRM_ACCOUNT_NAME>.capsulecrm.com/api/party/37140417
    body:
      encoding: US-ASCII
      string: ''
    headers:
      User-Agent:
      - CapsuleCRM ruby gem
  response:
    status:
      code: 200
      message: OK
    headers:
      Date:
      - Fri, 01 Mar 2013 18:59:53 GMT
      Server:
      - Apache
      Set-Cookie:
      - JSESSIONID=242F4DC0E7D116AEBAA9CE478155C909.nodea12; Path=/; Secure
      Content-Length:
      - '0'
      Content-Type:
      - text/plain
    body:
      encoding: US-ASCII
      string: ''
    http_version: 
  recorded_at: Fri, 01 Mar 2013 19:00:03 GMT
- request:
    method: get
    uri: https://<CAPSULECRM_API_TOKEN>:x@<CAPSULECRM_ACCOUNT_NAME>.capsulecrm.com/api/party?q=ACME%20widgets%20Inc.
    body:
      encoding: US-ASCII
      string: ''
    headers:
      User-Agent:
      - CapsuleCRM ruby gem
  response:
    status:
      code: 200
      message: OK
    headers:
      Date:
      - Fri, 01 Mar 2013 19:20:55 GMT
      Server:
      - Apache
      Set-Cookie:
      - JSESSIONID=FC68EB5937C3CAB6C7CCEBD24F9308BF.nodea11; Path=/; Secure
      Content-Length:
      - '74'
      Content-Type:
      - ! '*/*'
    body:
      encoding: US-ASCII
      string: <?xml version="1.0" encoding="UTF-8" standalone="yes"?><parties size="0"/>
    http_version: 
  recorded_at: Fri, 01 Mar 2013 19:21:05 GMT
- request:
    method: get
    uri: https://<CAPSULECRM_API_TOKEN>:x@<CAPSULECRM_ACCOUNT_NAME>.capsulecrm.com/api/party?q=ACME%20widgets%20Inc.
    body:
      encoding: US-ASCII
      string: ''
    headers:
      User-Agent:
      - CapsuleCRM ruby gem
  response:
    status:
      code: 200
      message: OK
    headers:
      Date:
      - Fri, 01 Mar 2013 19:20:55 GMT
      Server:
      - Apache
      Set-Cookie:
      - JSESSIONID=2DA2DA33EB9E78AB532E532C1BD81C32.nodea06; Path=/; Secure
      Content-Length:
      - '74'
      Content-Type:
      - ! '*/*'
    body:
      encoding: US-ASCII
      string: <?xml version="1.0" encoding="UTF-8" standalone="yes"?><parties size="0"/>
    http_version: 
  recorded_at: Fri, 01 Mar 2013 19:21:06 GMT
- request:
    method: post
    uri: https://<CAPSULECRM_API_TOKEN>:x@<CAPSULECRM_ACCOUNT_NAME>.capsulecrm.com/api/organisation
    body:
      encoding: US-ASCII
      string: ! "<?xml version=\"1.0\" encoding=\"UTF-8\"?>\n<organisation>\n  <about
        nil=\"true\"/>\n  <name>ACME widgets Inc.</name>\n</organisation>\n"
    headers:
      Content-Type:
      - text/xml
  response:
    status:
      code: 201
      message: Created
    headers:
      Date:
      - Fri, 01 Mar 2013 19:20:56 GMT
      Server:
      - Apache
      Set-Cookie:
      - JSESSIONID=28A5C438B5BE981C56E342CEAE0E1A00.nodea07; Path=/; Secure
      Location:
      - https://<CAPSULECRM_ACCOUNT_NAME>.capsulecrm.com/api/party/37140701
      Content-Length:
      - '0'
      Content-Type:
      - text/plain
    body:
      encoding: US-ASCII
      string: ''
    http_version: 
  recorded_at: Fri, 01 Mar 2013 19:21:06 GMT
- request:
    method: get
    uri: https://<CAPSULECRM_API_TOKEN>:x@<CAPSULECRM_ACCOUNT_NAME>.capsulecrm.com/api/party/37140701/people
    body:
      encoding: US-ASCII
      string: ''
    headers:
      User-Agent:
      - CapsuleCRM ruby gem
  response:
    status:
      code: 200
      message: OK
    headers:
      Date:
      - Fri, 01 Mar 2013 19:20:56 GMT
      Server:
      - Apache
      Set-Cookie:
      - JSESSIONID=5A71C04EEB2445E313FEED299BDC0960.nodea06; Path=/; Secure
      Content-Length:
      - '74'
      Content-Type:
      - ! '*/*'
    body:
      encoding: US-ASCII
      string: <?xml version="1.0" encoding="UTF-8" standalone="yes"?><parties size="0"/>
    http_version: 
  recorded_at: Fri, 01 Mar 2013 19:21:07 GMT
- request:
    method: post
    uri: https://<CAPSULECRM_API_TOKEN>:x@<CAPSULECRM_ACCOUNT_NAME>.capsulecrm.com/api/person
    body:
      encoding: US-ASCII
      string: ! "<?xml version=\"1.0\" encoding=\"UTF-8\"?>\n<person>\n  <about nil=\"true\"/>\n
        \ <firstName>Turk Turkleton</firstName>\n  <lastName nil=\"true\"/>\n  <title
        nil=\"true\"/>\n  <jobTitle>CTO</jobTitle>\n  <organisationId type=\"integer\">37140701</organisationId>\n</person>\n"
    headers:
      Content-Type:
      - text/xml
  response:
    status:
      code: 201
      message: Created
    headers:
      Date:
      - Fri, 01 Mar 2013 19:20:57 GMT
      Server:
      - Apache
      Set-Cookie:
      - JSESSIONID=E9B00E518E979F1A45410E4F75393869.nodea12; Path=/; Secure
      Location:
      - https://<CAPSULECRM_ACCOUNT_NAME>.capsulecrm.com/api/party/37140702
      Content-Length:
      - '0'
      Content-Type:
      - text/plain
    body:
      encoding: US-ASCII
      string: ''
    http_version: 
  recorded_at: Fri, 01 Mar 2013 19:21:08 GMT
- request:
    method: get
    uri: https://<CAPSULECRM_API_TOKEN>:x@<CAPSULECRM_ACCOUNT_NAME>.capsulecrm.com/api/party?q=ACME%20widgets%20Inc.
    body:
      encoding: US-ASCII
      string: ''
    headers:
      User-Agent:
      - CapsuleCRM ruby gem
  response:
    status:
      code: 200
      message: OK
    headers:
      Date:
      - Fri, 01 Mar 2013 19:20:57 GMT
      Server:
      - Apache
      Set-Cookie:
      - JSESSIONID=6490EDD8314069010EC1A80070BA1198.nodea11; Path=/; Secure
      Content-Length:
      - '369'
      Content-Type:
      - ! '*/*'
    body:
      encoding: US-ASCII
      string: <?xml version="1.0" encoding="UTF-8" standalone="yes"?><parties size="1"><organisation><id>37140701</id><contacts/><pictureURL>https://d365sd3k9yw37.cloudfront.net/a/1362143125/theme/default/images/org_avatar_70.png</pictureURL><createdOn>2013-03-01T19:21:05Z</createdOn><updatedOn>2013-03-01T19:21:05Z</updatedOn><name>ACME
        widgets Inc.</name></organisation></parties>
    http_version: 
  recorded_at: Fri, 01 Mar 2013 19:21:08 GMT
- request:
    method: get
    uri: https://<CAPSULECRM_API_TOKEN>:x@<CAPSULECRM_ACCOUNT_NAME>.capsulecrm.com/api/party/37140701/people
    body:
      encoding: US-ASCII
      string: ''
    headers:
      User-Agent:
      - CapsuleCRM ruby gem
  response:
    status:
      code: 200
      message: OK
    headers:
      Date:
      - Fri, 01 Mar 2013 19:20:58 GMT
      Server:
      - Apache
      Set-Cookie:
      - JSESSIONID=5CC29CA33FE672E10516AD1EA33FC176.nodea06; Path=/; Secure
      Content-Length:
      - '486'
      Content-Type:
      - ! '*/*'
    body:
      encoding: US-ASCII
      string: <?xml version="1.0" encoding="UTF-8" standalone="yes"?><parties size="1"><person><id>37140702</id><contacts/><pictureURL>https://d365sd3k9yw37.cloudfront.net/a/1362143125/theme/default/images/person_avatar_70.png</pictureURL><createdOn>2013-03-01T19:21:06Z</createdOn><updatedOn>2013-03-01T19:21:06Z</updatedOn><firstName>Turk
        Turkleton</firstName><jobTitle>CTO</jobTitle><organisationId>37140701</organisationId><organisationName>ACME
        widgets Inc.</organisationName></person></parties>
    http_version: 
  recorded_at: Fri, 01 Mar 2013 19:21:08 GMT
- request:
    method: delete
    uri: https://<CAPSULECRM_API_TOKEN>:x@<CAPSULECRM_ACCOUNT_NAME>.capsulecrm.com/api/party/37140701
    body:
      encoding: US-ASCII
      string: ''
    headers:
      User-Agent:
      - CapsuleCRM ruby gem
  response:
    status:
      code: 200
      message: OK
    headers:
      Date:
      - Fri, 01 Mar 2013 19:20:58 GMT
      Server:
      - Apache
      Set-Cookie:
      - JSESSIONID=979AD65756CBC63063482FA70BED3053.nodea09; Path=/; Secure
      Content-Length:
      - '0'
      Content-Type:
      - text/plain
    body:
      encoding: US-ASCII
      string: ''
    http_version: 
  recorded_at: Fri, 01 Mar 2013 19:21:09 GMT
- request:
    method: delete
    uri: https://<CAPSULECRM_API_TOKEN>:x@<CAPSULECRM_ACCOUNT_NAME>.capsulecrm.com/api/party/37140702
    body:
      encoding: US-ASCII
      string: ''
    headers:
      User-Agent:
      - CapsuleCRM ruby gem
  response:
    status:
      code: 200
      message: OK
    headers:
      Date:
      - Fri, 01 Mar 2013 19:20:59 GMT
      Server:
      - Apache
      Set-Cookie:
      - JSESSIONID=3EF81019D4F9373A460720FA0CDBD488.nodea01; Path=/; Secure
      Content-Length:
      - '0'
      Content-Type:
      - text/plain
    body:
      encoding: US-ASCII
      string: ''
    http_version: 
  recorded_at: Fri, 01 Mar 2013 19:21:10 GMT
recorded_with: VCR 2.4.0
