---
http_interactions:
- request:
    method: get
    uri: https://api.xero.com/api.xro/2.0/Contacts?where=Name%20==%20%22Existing%20Company%20Inc.%22
    body:
      encoding: US-ASCII
      string: ''
    headers:
      Charset:
      - utf-8
      Accept:
      - ! '*/*'
      User-Agent:
      - OAuth gem v0.4.5
      Authorization:
      - OAuth oauth_consumer_key="<XERO_CONSUMER_KEY>", oauth_nonce="MyxlHSRU6eD504m7QJG8xxuy7XsdFFw9KBFJiW828SY",
        oauth_signature="ELds%2BoVMouP%2BHiKJUtOg2d%2Bf9SsVNWzapOAjhWddn36SiP9JhpOm7ThoCr4Ih3%2B2c3DzPMmwC0hJsDe4FC%2F%2F%2FQwcUVtPGZNQit6eDjWIGiZqJu121SlrROd6WZsQfWw6cvHG2SbuqkcRkRw0CXMkyLqNCRYNeppfedqGcyoYVjQ%3D",
        oauth_signature_method="RSA-SHA1", oauth_timestamp="1360831348", oauth_token="<XERO_CONSUMER_KEY>",
        oauth_version="1.0"
  response:
    status:
      code: 200
      message: OK
    headers:
      Cache-Control:
      - private
      Content-Type:
      - text/xml; charset=utf-8
      Server:
      - Microsoft-IIS/7.5
      X-Aspnetmvc-Version:
      - '2.0'
      Www-Authenticate:
      - OAuth Realm="api.xero.com"
      X-Aspnet-Version:
      - 4.0.30319
      X-Powered-By:
      - TeamXero
      X-S:
      - 445758-O1VMAP01
      Date:
      - Thu, 14 Feb 2013 08:42:25 GMT
      Content-Length:
      - '1194'
    body:
      encoding: US-ASCII
      string: ! "<Response xmlns:xsd=\"http://www.w3.org/2001/XMLSchema\" xmlns:xsi=\"http://www.w3.org/2001/XMLSchema-instance\">\r\n
        \ <Id>c623425e-e843-46db-941d-1c11a235ea0d</Id>\r\n  <Status>OK</Status>\r\n
        \ <ProviderName>open-orgn-services</ProviderName>\r\n  <DateTimeUTC>2013-02-14T08:42:25.0854501Z</DateTimeUTC>\r\n
        \ <Contacts>\r\n    <Contact>\r\n      <ContactID>214814d5-64bb-409b-8000-764aa0da91df</ContactID>\r\n
        \     <ContactStatus>ACTIVE</ContactStatus>\r\n      <Name>Existing Company
        Inc.</Name>\r\n      <Addresses>\r\n        <Address>\r\n          <AddressType>POBOX</AddressType>\r\n
        \       </Address>\r\n        <Address>\r\n          <AddressType>STREET</AddressType>\r\n
        \       </Address>\r\n      </Addresses>\r\n      <Phones>\r\n        <Phone>\r\n
        \         <PhoneType>DDI</PhoneType>\r\n        </Phone>\r\n        <Phone>\r\n
        \         <PhoneType>DEFAULT</PhoneType>\r\n        </Phone>\r\n        <Phone>\r\n
        \         <PhoneType>FAX</PhoneType>\r\n        </Phone>\r\n        <Phone>\r\n
        \         <PhoneType>MOBILE</PhoneType>\r\n        </Phone>\r\n      </Phones>\r\n
        \     <UpdatedDateUTC>2013-02-12T08:29:03.76</UpdatedDateUTC>\r\n      <IsSupplier>false</IsSupplier>\r\n
        \     <IsCustomer>true</IsCustomer>\r\n    </Contact>\r\n  </Contacts>\r\n</Response>"
    http_version: 
  recorded_at: Thu, 14 Feb 2013 08:42:29 GMT
- request:
    method: get
    uri: https://api.xero.com/api.xro/2.0/Contacts?where=Name%20==%20%22Existing%20Company%20Inc.%22
    body:
      encoding: US-ASCII
      string: ''
    headers:
      Charset:
      - utf-8
      Accept:
      - ! '*/*'
      User-Agent:
      - OAuth gem v0.4.5
      Authorization:
      - OAuth oauth_consumer_key="<XERO_CONSUMER_KEY>", oauth_nonce="T3FKbKpzyp5e4uBB4ErwpJ3Hi7pRTfh1SgbNGQXY",
        oauth_signature="Pu%2BfMOztpOQ5HoKNt8iuw%2BcEurNWJ5lOBBDcgsmEokzb3h92t%2BbLZs%2BAkQV30nFclqwezeb%2BSGWD5KI6OykHIsCmQNNn%2BY6er8JIJMkvSVtLZqAJDFV4satSOnUQ7YBnx%2Fm4L0tlfFPHKC2ueBBUS2PD6y9%2BexBAH4R0MJ3ZsfQ%3D",
        oauth_signature_method="RSA-SHA1", oauth_timestamp="1360831349", oauth_token="<XERO_CONSUMER_KEY>",
        oauth_version="1.0"
  response:
    status:
      code: 200
      message: OK
    headers:
      Cache-Control:
      - private
      Content-Type:
      - text/xml; charset=utf-8
      Server:
      - Microsoft-IIS/7.5
      X-Aspnetmvc-Version:
      - '2.0'
      Www-Authenticate:
      - OAuth Realm="api.xero.com"
      X-Aspnet-Version:
      - 4.0.30319
      X-Powered-By:
      - TeamXero
      X-S:
      - 445758-O1VMAP01
      Date:
      - Thu, 14 Feb 2013 08:42:25 GMT
      Content-Length:
      - '1194'
    body:
      encoding: US-ASCII
      string: ! "<Response xmlns:xsd=\"http://www.w3.org/2001/XMLSchema\" xmlns:xsi=\"http://www.w3.org/2001/XMLSchema-instance\">\r\n
        \ <Id>bd9fb9ff-fa5c-4489-8b1e-7187e9533033</Id>\r\n  <Status>OK</Status>\r\n
        \ <ProviderName>open-orgn-services</ProviderName>\r\n  <DateTimeUTC>2013-02-14T08:42:25.8810399Z</DateTimeUTC>\r\n
        \ <Contacts>\r\n    <Contact>\r\n      <ContactID>214814d5-64bb-409b-8000-764aa0da91df</ContactID>\r\n
        \     <ContactStatus>ACTIVE</ContactStatus>\r\n      <Name>Existing Company
        Inc.</Name>\r\n      <Addresses>\r\n        <Address>\r\n          <AddressType>POBOX</AddressType>\r\n
        \       </Address>\r\n        <Address>\r\n          <AddressType>STREET</AddressType>\r\n
        \       </Address>\r\n      </Addresses>\r\n      <Phones>\r\n        <Phone>\r\n
        \         <PhoneType>DDI</PhoneType>\r\n        </Phone>\r\n        <Phone>\r\n
        \         <PhoneType>DEFAULT</PhoneType>\r\n        </Phone>\r\n        <Phone>\r\n
        \         <PhoneType>FAX</PhoneType>\r\n        </Phone>\r\n        <Phone>\r\n
        \         <PhoneType>MOBILE</PhoneType>\r\n        </Phone>\r\n      </Phones>\r\n
        \     <UpdatedDateUTC>2013-02-12T08:29:03.76</UpdatedDateUTC>\r\n      <IsSupplier>false</IsSupplier>\r\n
        \     <IsCustomer>true</IsCustomer>\r\n    </Contact>\r\n  </Contacts>\r\n</Response>"
    http_version: 
  recorded_at: Thu, 14 Feb 2013 08:42:30 GMT
- request:
    method: put
    uri: https://api.xero.com/api.xro/2.0/Invoices
    body:
      encoding: US-ASCII
      string: xml=%3CInvoice%3E%0A++%3CType%3EACCREC%3C%2FType%3E%0A++%3CContact%3E%0A++++%3CContactID%3E214814d5-64bb-409b-8000-764aa0da91df%3C%2FContactID%3E%0A++++%3CContactStatus%3EACTIVE%3C%2FContactStatus%3E%0A++++%3CName%3EExisting+Company+Inc.%3C%2FName%3E%0A++++%3CAddresses%3E%0A++++++%3CAddress%3E%0A++++++++%3CAddressType%3EPOBOX%3C%2FAddressType%3E%0A++++++%3C%2FAddress%3E%0A++++++%3CAddress%3E%0A++++++++%3CAddressType%3ESTREET%3C%2FAddressType%3E%0A++++++%3C%2FAddress%3E%0A++++%3C%2FAddresses%3E%0A++++%3CPhones%3E%0A++++++%3CPhone%3E%0A++++++++%3CPhoneType%3EDDI%3C%2FPhoneType%3E%0A++++++%3C%2FPhone%3E%0A++++++%3CPhone%3E%0A++++++++%3CPhoneType%3EDEFAULT%3C%2FPhoneType%3E%0A++++++%3C%2FPhone%3E%0A++++++%3CPhone%3E%0A++++++++%3CPhoneType%3EFAX%3C%2FPhoneType%3E%0A++++++%3C%2FPhone%3E%0A++++++%3CPhone%3E%0A++++++++%3CPhoneType%3EMOBILE%3C%2FPhoneType%3E%0A++++++%3C%2FPhone%3E%0A++++%3C%2FPhones%3E%0A++++%3CUpdatedDateUTC%3E2013-02-12T08%3A29%3A03%3C%2FUpdatedDateUTC%3E%0A++++%3CIsSupplier%3Efalse%3C%2FIsSupplier%3E%0A++++%3CIsCustomer%3Etrue%3C%2FIsCustomer%3E%0A++%3C%2FContact%3E%0A++%3CDueDate%3E2013-03-10%3C%2FDueDate%3E%0A++%3CStatus%3EDRAFT%3C%2FStatus%3E%0A++%3CLineItems%3E%0A++++%3CLineItem%3E%0A++++++%3CDescription%3Eplaceholder%3C%2FDescription%3E%0A++++++%3CQuantity%3E2%3C%2FQuantity%3E%0A++++++%3CUnitAmount%3E1.0%3C%2FUnitAmount%3E%0A++++++%3CAccountCode%3E200%3C%2FAccountCode%3E%0A++++%3C%2FLineItem%3E%0A++%3C%2FLineItems%3E%0A%3C%2FInvoice%3E%0A
    headers:
      Charset:
      - utf-8
      Content-Type:
      - application/x-www-form-urlencoded
      Accept:
      - ! '*/*'
      User-Agent:
      - OAuth gem v0.4.5
      Content-Length:
      - '0'
      Authorization:
      - OAuth oauth_consumer_key="<XERO_CONSUMER_KEY>", oauth_nonce="lQcQGxxIfAaOG1h0Jfo9M85kCd7NlEIhOdKChk",
        oauth_signature="i%2Bd4tR%2Bd75E%2B6%2F%2FTFgb7pOE5zdZs2ZNfh4rOTm6In7uiHCT110kVvaM2doNAz%2FGl0MnzjJg83a8u%2FLXh4Y6yK9Z1mcu8EwokQDnXms7dmMaqLI2epyCAGd9x22SiM4lmjQeOo0F4gS53bdYKzY1%2B2FM%2FMem7R7LZHGro5789J2I%3D",
        oauth_signature_method="RSA-SHA1", oauth_timestamp="1360831350", oauth_token="<XERO_CONSUMER_KEY>",
        oauth_version="1.0"
  response:
    status:
      code: 200
      message: OK
    headers:
      Cache-Control:
      - private
      Content-Type:
      - text/xml; charset=utf-8
      Server:
      - Microsoft-IIS/7.5
      X-Aspnetmvc-Version:
      - '2.0'
      Www-Authenticate:
      - OAuth Realm="api.xero.com"
      X-Aspnet-Version:
      - 4.0.30319
      X-Powered-By:
      - TeamXero
      X-S:
      - 445758-O1VMAP01
      Date:
      - Thu, 14 Feb 2013 08:42:26 GMT
      Content-Length:
      - '2367'
    body:
      encoding: US-ASCII
      string: ! "<Response xmlns:xsd=\"http://www.w3.org/2001/XMLSchema\" xmlns:xsi=\"http://www.w3.org/2001/XMLSchema-instance\">\r\n
        \ <Id>de49ad5d-c815-45cd-a1ad-2eace3c43471</Id>\r\n  <Status>OK</Status>\r\n
        \ <ProviderName>open-orgn-services</ProviderName>\r\n  <DateTimeUTC>2013-02-14T08:42:26.6766297Z</DateTimeUTC>\r\n
        \ <Invoices>\r\n    <Invoice>\r\n      <Contact>\r\n        <ContactID>214814d5-64bb-409b-8000-764aa0da91df</ContactID>\r\n
        \       <ContactStatus>ACTIVE</ContactStatus>\r\n        <Name>Existing Company
        Inc.</Name>\r\n        <Addresses>\r\n          <Address>\r\n            <AddressType>POBOX</AddressType>\r\n
        \         </Address>\r\n          <Address>\r\n            <AddressType>STREET</AddressType>\r\n
        \         </Address>\r\n        </Addresses>\r\n        <Phones>\r\n          <Phone>\r\n
        \           <PhoneType>DDI</PhoneType>\r\n          </Phone>\r\n          <Phone>\r\n
        \           <PhoneType>FAX</PhoneType>\r\n          </Phone>\r\n          <Phone>\r\n
        \           <PhoneType>DEFAULT</PhoneType>\r\n          </Phone>\r\n          <Phone>\r\n
        \           <PhoneType>MOBILE</PhoneType>\r\n          </Phone>\r\n        </Phones>\r\n
        \       <UpdatedDateUTC>2013-02-12T08:29:03.76</UpdatedDateUTC>\r\n        <IsSupplier>false</IsSupplier>\r\n
        \       <IsCustomer>true</IsCustomer>\r\n      </Contact>\r\n      <Date>2013-02-14T00:00:00</Date>\r\n
        \     <DueDate>2013-03-10T00:00:00</DueDate>\r\n      <Status>DRAFT</Status>\r\n
        \     <LineAmountTypes>Exclusive</LineAmountTypes>\r\n      <LineItems>\r\n
        \       <LineItem>\r\n          <Description>placeholder</Description>\r\n
        \         <UnitAmount>1.00</UnitAmount>\r\n          <TaxType>OUTPUT2</TaxType>\r\n
        \         <TaxAmount>0.40</TaxAmount>\r\n          <LineAmount>2.00</LineAmount>\r\n
        \         <AccountCode>200</AccountCode>\r\n          <Quantity>2.0000</Quantity>\r\n
        \       </LineItem>\r\n      </LineItems>\r\n      <SubTotal>2.00</SubTotal>\r\n
        \     <TotalTax>0.40</TotalTax>\r\n      <Total>2.40</Total>\r\n      <UpdatedDateUTC>2013-02-14T08:42:26.63</UpdatedDateUTC>\r\n
        \     <CurrencyCode>GBP</CurrencyCode>\r\n      <Type>ACCREC</Type>\r\n      <InvoiceID>082a7b3b-bd97-4a5b-87fb-eeeda6f39381</InvoiceID>\r\n
        \     <InvoiceNumber>INV-0309</InvoiceNumber>\r\n      <AmountDue>2.40</AmountDue>\r\n
        \     <AmountPaid>0.00</AmountPaid>\r\n      <SentToContact>false</SentToContact>\r\n
        \     <CurrencyRate>1.000000</CurrencyRate>\r\n      <HasAttachments>false</HasAttachments>\r\n
        \   </Invoice>\r\n  </Invoices>\r\n</Response>"
    http_version: 
  recorded_at: Thu, 14 Feb 2013 08:42:31 GMT
- request:
    method: post
    uri: https://api.xero.com/api.xro/2.0/Invoices
    body:
      encoding: US-ASCII
      string: xml=%3CInvoice%3E%0A++%3CInvoice%3E%0A++++%3CContactID%3E214814d5-64bb-409b-8000-764aa0da91df%3C%2FContactID%3E%0A++++%3CContactStatus%3EACTIVE%3C%2FContactStatus%3E%0A++++%3CName%3EExisting+Company+Inc.%3C%2FName%3E%0A++++%3CAddresses%3E%0A++++++%3CAddress%3E%0A++++++++%3CAddressType%3EPOBOX%3C%2FAddressType%3E%0A++++++%3C%2FAddress%3E%0A++++++%3CAddress%3E%0A++++++++%3CAddressType%3ESTREET%3C%2FAddressType%3E%0A++++++%3C%2FAddress%3E%0A++++%3C%2FAddresses%3E%0A++++%3CPhones%3E%0A++++++%3CPhone%3E%0A++++++++%3CPhoneType%3EDDI%3C%2FPhoneType%3E%0A++++++%3C%2FPhone%3E%0A++++++%3CPhone%3E%0A++++++++%3CPhoneType%3EFAX%3C%2FPhoneType%3E%0A++++++%3C%2FPhone%3E%0A++++++%3CPhone%3E%0A++++++++%3CPhoneType%3EDEFAULT%3C%2FPhoneType%3E%0A++++++%3C%2FPhone%3E%0A++++++%3CPhone%3E%0A++++++++%3CPhoneType%3EMOBILE%3C%2FPhoneType%3E%0A++++++%3C%2FPhone%3E%0A++++%3C%2FPhones%3E%0A++++%3CUpdatedDateUTC%3E2013-02-12T08%3A29%3A03%3C%2FUpdatedDateUTC%3E%0A++++%3CIsSupplier%3Efalse%3C%2FIsSupplier%3E%0A++++%3CIsCustomer%3Etrue%3C%2FIsCustomer%3E%0A++%3C%2FInvoice%3E%0A++%3CDate%3E2013-02-14%3C%2FDate%3E%0A++%3CDueDate%3E2013-03-10%3C%2FDueDate%3E%0A++%3CStatus%3EDRAFT%3C%2FStatus%3E%0A++%3CLineAmountTypes%3EExclusive%3C%2FLineAmountTypes%3E%0A++%3CLineItems%3E%0A++++%3CLineItem%3E%0A++++++%3CDescription%3Eplaceholder%3C%2FDescription%3E%0A++++++%3CUnitAmount%3E1.0%3C%2FUnitAmount%3E%0A++++++%3CTaxType%3EOUTPUT2%3C%2FTaxType%3E%0A++++++%3CTaxAmount%3E0.4%3C%2FTaxAmount%3E%0A++++++%3CLineAmount%3E2.0%3C%2FLineAmount%3E%0A++++++%3CAccountCode%3E200%3C%2FAccountCode%3E%0A++++++%3CQuantity%3E2.0%3C%2FQuantity%3E%0A++++%3C%2FLineItem%3E%0A++%3C%2FLineItems%3E%0A++%3CSubTotal%3E2.0%3C%2FSubTotal%3E%0A++%3CTotalTax%3E0.4%3C%2FTotalTax%3E%0A++%3CTotal%3E2.4%3C%2FTotal%3E%0A++%3CUpdatedDateUTC%3E2013-02-14T08%3A42%3A26%3C%2FUpdatedDateUTC%3E%0A++%3CCurrencyCode%3EGBP%3C%2FCurrencyCode%3E%0A++%3CType%3EACCREC%3C%2FType%3E%0A++%3CInvoiceID%3E082a7b3b-bd97-4a5b-87fb-eeeda6f39381%3C%2FInvoiceID%3E%0A++%3CInvoiceNumber%3EINV-0309%3C%2FInvoiceNumber%3E%0A++%3CAmountDue%3E2.4%3C%2FAmountDue%3E%0A++%3CAmountPaid%3E0.0%3C%2FAmountPaid%3E%0A++%3CSentToContact%3Efalse%3C%2FSentToContact%3E%0A%3C%2FInvoice%3E%0A
    headers:
      Charset:
      - utf-8
      Content-Type:
      - application/x-www-form-urlencoded
      Accept:
      - ! '*/*'
      User-Agent:
      - OAuth gem v0.4.5
      Content-Length:
      - '0'
      Authorization:
      - OAuth oauth_consumer_key="<XERO_CONSUMER_KEY>", oauth_nonce="4UfkH57hQfU38eeEGrgAYwWlUL97L8KrL5lcpT65r1M",
        oauth_signature="rXgdqJpN2GRIysgtKynlpR3J6aWzBsGx0hKQBtoNdwQWsvghI9Zv%2FkXqPlA8lspYsKAA0PNf9t7pabp9sAb30XWq39IwmGWfHIxwcMTt%2BWWXeJ15aE%2FzA8DovN4m4%2FpUSLW%2Fu3MPIjJgj3ESBt6dhe80qG%2B%2BSqE5zbcZoJyRBFo%3D",
        oauth_signature_method="RSA-SHA1", oauth_timestamp="1360831351", oauth_token="<XERO_CONSUMER_KEY>",
        oauth_version="1.0"
  response:
    status:
      code: 200
      message: OK
    headers:
      Cache-Control:
      - private
      Content-Type:
      - text/xml; charset=utf-8
      Server:
      - Microsoft-IIS/7.5
      X-Aspnetmvc-Version:
      - '2.0'
      Www-Authenticate:
      - OAuth Realm="api.xero.com"
      X-Aspnet-Version:
      - 4.0.30319
      X-Powered-By:
      - TeamXero
      X-S:
      - 445758-O1VMAP01
      Date:
      - Thu, 14 Feb 2013 08:42:26 GMT
      Content-Length:
      - '2531'
    body:
      encoding: US-ASCII
      string: ! "<Response xmlns:xsd=\"http://www.w3.org/2001/XMLSchema\" xmlns:xsi=\"http://www.w3.org/2001/XMLSchema-instance\">\r\n
        \ <Id>06edafda-347d-4de1-9836-955c47fe3e51</Id>\r\n  <Status>OK</Status>\r\n
        \ <ProviderName>open-orgn-services</ProviderName>\r\n  <DateTimeUTC>2013-02-14T08:42:27.4566197Z</DateTimeUTC>\r\n
        \ <Invoices>\r\n    <Invoice>\r\n      <Warnings>\r\n        <Warning>\r\n
        \         <Message>Only AUTHORISED invoices may have SentToContact updated.</Message>\r\n
        \       </Warning>\r\n      </Warnings>\r\n      <Contact>\r\n        <ContactID>214814d5-64bb-409b-8000-764aa0da91df</ContactID>\r\n
        \       <ContactStatus>ACTIVE</ContactStatus>\r\n        <Name>Existing Company
        Inc.</Name>\r\n        <Addresses>\r\n          <Address>\r\n            <AddressType>POBOX</AddressType>\r\n
        \         </Address>\r\n          <Address>\r\n            <AddressType>STREET</AddressType>\r\n
        \         </Address>\r\n        </Addresses>\r\n        <Phones>\r\n          <Phone>\r\n
        \           <PhoneType>DDI</PhoneType>\r\n          </Phone>\r\n          <Phone>\r\n
        \           <PhoneType>FAX</PhoneType>\r\n          </Phone>\r\n          <Phone>\r\n
        \           <PhoneType>DEFAULT</PhoneType>\r\n          </Phone>\r\n          <Phone>\r\n
        \           <PhoneType>MOBILE</PhoneType>\r\n          </Phone>\r\n        </Phones>\r\n
        \       <UpdatedDateUTC>2013-02-12T08:29:03.76</UpdatedDateUTC>\r\n        <IsSupplier>false</IsSupplier>\r\n
        \       <IsCustomer>true</IsCustomer>\r\n      </Contact>\r\n      <Date>2013-02-14T00:00:00</Date>\r\n
        \     <DueDate>2013-03-10T00:00:00</DueDate>\r\n      <Status>DRAFT</Status>\r\n
        \     <LineAmountTypes>Exclusive</LineAmountTypes>\r\n      <LineItems>\r\n
        \       <LineItem>\r\n          <Description>placeholder</Description>\r\n
        \         <UnitAmount>1.00</UnitAmount>\r\n          <TaxType>OUTPUT2</TaxType>\r\n
        \         <TaxAmount>0.40</TaxAmount>\r\n          <LineAmount>2.00</LineAmount>\r\n
        \         <AccountCode>200</AccountCode>\r\n          <Quantity>2.0000</Quantity>\r\n
        \       </LineItem>\r\n      </LineItems>\r\n      <SubTotal>2.00</SubTotal>\r\n
        \     <TotalTax>0.40</TotalTax>\r\n      <Total>2.40</Total>\r\n      <UpdatedDateUTC>2013-02-14T08:42:27.427</UpdatedDateUTC>\r\n
        \     <CurrencyCode>GBP</CurrencyCode>\r\n      <Type>ACCREC</Type>\r\n      <InvoiceID>082a7b3b-bd97-4a5b-87fb-eeeda6f39381</InvoiceID>\r\n
        \     <InvoiceNumber>INV-0309</InvoiceNumber>\r\n      <AmountDue>2.40</AmountDue>\r\n
        \     <AmountPaid>0.00</AmountPaid>\r\n      <SentToContact>false</SentToContact>\r\n
        \     <CurrencyRate>1.000000</CurrencyRate>\r\n      <HasAttachments>false</HasAttachments>\r\n
        \   </Invoice>\r\n  </Invoices>\r\n</Response>"
    http_version: 
  recorded_at: Thu, 14 Feb 2013 08:42:32 GMT
- request:
    method: get
    uri: https://api.xero.com/api.xro/2.0/Contacts?where=Name%20==%20%22Existing%20Company%20Inc.%22
    body:
      encoding: US-ASCII
      string: ''
    headers:
      Charset:
      - utf-8
      Accept:
      - ! '*/*'
      User-Agent:
      - OAuth gem v0.4.5
      Authorization:
      - OAuth oauth_consumer_key="<XERO_CONSUMER_KEY>", oauth_nonce="tJtqNxbAude4yyEnXpOIuPcIwVIHNbS1nnwlx71j2Q0",
        oauth_signature="X8pj9X%2F6PTNRJiDBF2PIHKriUJv9MsBG2EnuCbe79jLXCYmH7w5ekGLPfMoQYm4pD8Xte3iPiQ2AA7YkKvV%2BVYOvgHVTB73IcKHAkoyC7G%2FQMfkn6vC%2FydFhwtf8hv7hOXf%2FKobgy%2B9dvB5RJQSXzROMKWaTJSo8f1Kt%2B3XqosI%3D",
        oauth_signature_method="RSA-SHA1", oauth_timestamp="1360831352", oauth_token="<XERO_CONSUMER_KEY>",
        oauth_version="1.0"
  response:
    status:
      code: 200
      message: OK
    headers:
      Cache-Control:
      - private
      Content-Type:
      - text/xml; charset=utf-8
      Server:
      - Microsoft-IIS/7.5
      X-Aspnetmvc-Version:
      - '2.0'
      Www-Authenticate:
      - OAuth Realm="api.xero.com"
      X-Aspnet-Version:
      - 4.0.30319
      X-Powered-By:
      - TeamXero
      X-S:
      - 445758-O1VMAP01
      Date:
      - Thu, 14 Feb 2013 08:42:27 GMT
      Content-Length:
      - '1194'
    body:
      encoding: US-ASCII
      string: ! "<Response xmlns:xsd=\"http://www.w3.org/2001/XMLSchema\" xmlns:xsi=\"http://www.w3.org/2001/XMLSchema-instance\">\r\n
        \ <Id>90522810-c5b0-4c61-b72d-88bc14bbf05e</Id>\r\n  <Status>OK</Status>\r\n
        \ <ProviderName>open-orgn-services</ProviderName>\r\n  <DateTimeUTC>2013-02-14T08:42:28.1586107Z</DateTimeUTC>\r\n
        \ <Contacts>\r\n    <Contact>\r\n      <ContactID>214814d5-64bb-409b-8000-764aa0da91df</ContactID>\r\n
        \     <ContactStatus>ACTIVE</ContactStatus>\r\n      <Name>Existing Company
        Inc.</Name>\r\n      <Addresses>\r\n        <Address>\r\n          <AddressType>POBOX</AddressType>\r\n
        \       </Address>\r\n        <Address>\r\n          <AddressType>STREET</AddressType>\r\n
        \       </Address>\r\n      </Addresses>\r\n      <Phones>\r\n        <Phone>\r\n
        \         <PhoneType>DDI</PhoneType>\r\n        </Phone>\r\n        <Phone>\r\n
        \         <PhoneType>DEFAULT</PhoneType>\r\n        </Phone>\r\n        <Phone>\r\n
        \         <PhoneType>FAX</PhoneType>\r\n        </Phone>\r\n        <Phone>\r\n
        \         <PhoneType>MOBILE</PhoneType>\r\n        </Phone>\r\n      </Phones>\r\n
        \     <UpdatedDateUTC>2013-02-12T08:29:03.76</UpdatedDateUTC>\r\n      <IsSupplier>false</IsSupplier>\r\n
        \     <IsCustomer>true</IsCustomer>\r\n    </Contact>\r\n  </Contacts>\r\n</Response>"
    http_version: 
  recorded_at: Thu, 14 Feb 2013 08:42:32 GMT
- request:
    method: get
    uri: https://api.xero.com/api.xro/2.0/Invoices?where=Contact.ContactID%20=%20GUID(%22214814d5-64bb-409b-8000-764aa0da91df%22)%20AND%20Status%20!=%20%22DELETED%22
    body:
      encoding: US-ASCII
      string: ''
    headers:
      Charset:
      - utf-8
      Accept:
      - ! '*/*'
      User-Agent:
      - OAuth gem v0.4.5
      Authorization:
      - OAuth oauth_consumer_key="<XERO_CONSUMER_KEY>", oauth_nonce="RUPv35YfWSaN9dLRJYRoCUCViypb9m71cDccv8pOKpQ",
        oauth_signature="Wd6%2FQZN%2FlA9U07BL3fRfNNXRgDbImYgnca5pXgwUdEoMW87Pr0smcIXSl7LGV9IcbTBSvVa9HSILIUif7Aq6JV5FoEopQr2U51m7cRHWiPjf7aRViHqo2BglwmyjpRgGZ7K3IlJc1AMvM9Efy9ke0eV22iF4E1u3Z6JHzZphHSQ%3D",
        oauth_signature_method="RSA-SHA1", oauth_timestamp="1360831352", oauth_token="<XERO_CONSUMER_KEY>",
        oauth_version="1.0"
  response:
    status:
      code: 200
      message: OK
    headers:
      Cache-Control:
      - private
      Content-Type:
      - text/xml; charset=utf-8
      Server:
      - Microsoft-IIS/7.5
      X-Aspnetmvc-Version:
      - '2.0'
      Www-Authenticate:
      - OAuth Realm="api.xero.com"
      X-Aspnet-Version:
      - 4.0.30319
      X-Powered-By:
      - TeamXero
      X-S:
      - 445758-O1VMAP01
      Date:
      - Thu, 14 Feb 2013 08:42:28 GMT
      Content-Length:
      - '4345'
    body:
      encoding: US-ASCII
      string: ! "<Response xmlns:xsd=\"http://www.w3.org/2001/XMLSchema\" xmlns:xsi=\"http://www.w3.org/2001/XMLSchema-instance\">\r\n
        \ <Id>81cec1b7-94bb-4708-ac92-d425789e564b</Id>\r\n  <Status>OK</Status>\r\n
        \ <ProviderName>open-orgn-services</ProviderName>\r\n  <DateTimeUTC>2013-02-14T08:42:28.9698003Z</DateTimeUTC>\r\n
        \ <Invoices>\r\n    <Invoice>\r\n      <Contact>\r\n        <ContactID>214814d5-64bb-409b-8000-764aa0da91df</ContactID>\r\n
        \       <Name>Existing Company Inc.</Name>\r\n      </Contact>\r\n      <Date>2013-02-13T00:00:00</Date>\r\n
        \     <DueDate>2013-02-13T00:00:00</DueDate>\r\n      <Status>DRAFT</Status>\r\n
        \     <LineAmountTypes>Exclusive</LineAmountTypes>\r\n      <SubTotal>1.00</SubTotal>\r\n
        \     <TotalTax>0.20</TotalTax>\r\n      <Total>1.20</Total>\r\n      <UpdatedDateUTC>2013-02-13T15:46:38.587</UpdatedDateUTC>\r\n
        \     <CurrencyCode>GBP</CurrencyCode>\r\n      <Type>ACCREC</Type>\r\n      <InvoiceID>db5df219-a075-4080-8a4e-b3b0b3195dc3</InvoiceID>\r\n
        \     <InvoiceNumber>INV-0254</InvoiceNumber>\r\n      <AmountDue>1.20</AmountDue>\r\n
        \     <AmountPaid>0.00</AmountPaid>\r\n      <HasAttachments>false</HasAttachments>\r\n
        \   </Invoice>\r\n    <Invoice>\r\n      <Contact>\r\n        <ContactID>214814d5-64bb-409b-8000-764aa0da91df</ContactID>\r\n
        \       <Name>Existing Company Inc.</Name>\r\n      </Contact>\r\n      <Date>2013-02-13T00:00:00</Date>\r\n
        \     <DueDate>2013-02-13T00:00:00</DueDate>\r\n      <Status>DRAFT</Status>\r\n
        \     <LineAmountTypes>Exclusive</LineAmountTypes>\r\n      <SubTotal>1.00</SubTotal>\r\n
        \     <TotalTax>0.20</TotalTax>\r\n      <Total>1.20</Total>\r\n      <UpdatedDateUTC>2013-02-13T15:49:44.8</UpdatedDateUTC>\r\n
        \     <CurrencyCode>GBP</CurrencyCode>\r\n      <Type>ACCREC</Type>\r\n      <InvoiceID>ff35b725-4941-4af9-a28c-8fd11837d23c</InvoiceID>\r\n
        \     <InvoiceNumber>INV-0267</InvoiceNumber>\r\n      <AmountDue>1.20</AmountDue>\r\n
        \     <AmountPaid>0.00</AmountPaid>\r\n      <HasAttachments>false</HasAttachments>\r\n
        \   </Invoice>\r\n    <Invoice>\r\n      <Contact>\r\n        <ContactID>214814d5-64bb-409b-8000-764aa0da91df</ContactID>\r\n
        \       <Name>Existing Company Inc.</Name>\r\n      </Contact>\r\n      <Date>2013-02-14T00:00:00</Date>\r\n
        \     <DueDate>2013-03-10T00:00:00</DueDate>\r\n      <Status>DRAFT</Status>\r\n
        \     <LineAmountTypes>Exclusive</LineAmountTypes>\r\n      <SubTotal>1.00</SubTotal>\r\n
        \     <TotalTax>0.20</TotalTax>\r\n      <Total>1.20</Total>\r\n      <UpdatedDateUTC>2013-02-14T08:29:55.53</UpdatedDateUTC>\r\n
        \     <CurrencyCode>GBP</CurrencyCode>\r\n      <Type>ACCREC</Type>\r\n      <InvoiceID>1ff0367f-7d03-4ece-b557-695142c3be39</InvoiceID>\r\n
        \     <InvoiceNumber>INV-0290</InvoiceNumber>\r\n      <AmountDue>1.20</AmountDue>\r\n
        \     <AmountPaid>0.00</AmountPaid>\r\n      <HasAttachments>false</HasAttachments>\r\n
        \   </Invoice>\r\n    <Invoice>\r\n      <Contact>\r\n        <ContactID>214814d5-64bb-409b-8000-764aa0da91df</ContactID>\r\n
        \       <Name>Existing Company Inc.</Name>\r\n      </Contact>\r\n      <Date>2013-02-14T00:00:00</Date>\r\n
        \     <DueDate>2013-03-10T00:00:00</DueDate>\r\n      <Status>DRAFT</Status>\r\n
        \     <LineAmountTypes>Exclusive</LineAmountTypes>\r\n      <SubTotal>2.00</SubTotal>\r\n
        \     <TotalTax>0.40</TotalTax>\r\n      <Total>2.40</Total>\r\n      <UpdatedDateUTC>2013-02-14T08:35:38.647</UpdatedDateUTC>\r\n
        \     <CurrencyCode>GBP</CurrencyCode>\r\n      <Type>ACCREC</Type>\r\n      <InvoiceID>803dbca5-dafe-412e-b507-2b02a67a4746</InvoiceID>\r\n
        \     <InvoiceNumber>INV-0298</InvoiceNumber>\r\n      <AmountDue>2.40</AmountDue>\r\n
        \     <AmountPaid>0.00</AmountPaid>\r\n      <HasAttachments>false</HasAttachments>\r\n
        \   </Invoice>\r\n    <Invoice>\r\n      <Contact>\r\n        <ContactID>214814d5-64bb-409b-8000-764aa0da91df</ContactID>\r\n
        \       <Name>Existing Company Inc.</Name>\r\n      </Contact>\r\n      <Date>2013-02-14T00:00:00</Date>\r\n
        \     <DueDate>2013-03-10T00:00:00</DueDate>\r\n      <Status>DRAFT</Status>\r\n
        \     <LineAmountTypes>Exclusive</LineAmountTypes>\r\n      <SubTotal>2.00</SubTotal>\r\n
        \     <TotalTax>0.40</TotalTax>\r\n      <Total>2.40</Total>\r\n      <UpdatedDateUTC>2013-02-14T08:42:27.427</UpdatedDateUTC>\r\n
        \     <CurrencyCode>GBP</CurrencyCode>\r\n      <Type>ACCREC</Type>\r\n      <InvoiceID>082a7b3b-bd97-4a5b-87fb-eeeda6f39381</InvoiceID>\r\n
        \     <InvoiceNumber>INV-0309</InvoiceNumber>\r\n      <AmountDue>2.40</AmountDue>\r\n
        \     <AmountPaid>0.00</AmountPaid>\r\n      <HasAttachments>false</HasAttachments>\r\n
        \   </Invoice>\r\n  </Invoices>\r\n</Response>"
    http_version: 
  recorded_at: Thu, 14 Feb 2013 08:42:33 GMT
- request:
    method: get
    uri: https://api.xero.com/api.xro/2.0/Invoices/082a7b3b-bd97-4a5b-87fb-eeeda6f39381
    body:
      encoding: US-ASCII
      string: ''
    headers:
      Charset:
      - utf-8
      Accept:
      - ! '*/*'
      User-Agent:
      - OAuth gem v0.4.5
      Authorization:
      - OAuth oauth_consumer_key="<XERO_CONSUMER_KEY>", oauth_nonce="9dU6SQBlZFADWqalKkpEBGBLAPgiQLNd4pCEeIewA",
        oauth_signature="V5xofjllEyT3qpmdW4Me3PmLwEoGGcmkfeLmDDz7rKOMFCVkp7i8kZbK1Siyk7wiHRkLvW5vv8tHeXAulr0OIephBNP3tZbTjkTbG%2BLBNC2sqWC%2BGzTVcce7WZcPnyngoCK1FQrnJ0trpoyfx4JQFFB8UK6AHghFsXrnG1%2FJOnU%3D",
        oauth_signature_method="RSA-SHA1", oauth_timestamp="1360831353", oauth_token="<XERO_CONSUMER_KEY>",
        oauth_version="1.0"
  response:
    status:
      code: 200
      message: OK
    headers:
      Cache-Control:
      - private
      Content-Type:
      - text/xml; charset=utf-8
      Server:
      - Microsoft-IIS/7.5
      X-Aspnetmvc-Version:
      - '2.0'
      Www-Authenticate:
      - OAuth Realm="api.xero.com"
      X-Aspnet-Version:
      - 4.0.30319
      X-Powered-By:
      - TeamXero
      X-S:
      - 445758-O1VMAP01
      Date:
      - Thu, 14 Feb 2013 08:42:28 GMT
      Content-Length:
      - '2368'
    body:
      encoding: US-ASCII
      string: ! "<Response xmlns:xsd=\"http://www.w3.org/2001/XMLSchema\" xmlns:xsi=\"http://www.w3.org/2001/XMLSchema-instance\">\r\n
        \ <Id>d3bbe4fd-8b60-4875-898a-3f58cdfa3478</Id>\r\n  <Status>OK</Status>\r\n
        \ <ProviderName>open-orgn-services</ProviderName>\r\n  <DateTimeUTC>2013-02-14T08:42:29.7029909Z</DateTimeUTC>\r\n
        \ <Invoices>\r\n    <Invoice>\r\n      <Contact>\r\n        <ContactID>214814d5-64bb-409b-8000-764aa0da91df</ContactID>\r\n
        \       <ContactStatus>ACTIVE</ContactStatus>\r\n        <Name>Existing Company
        Inc.</Name>\r\n        <Addresses>\r\n          <Address>\r\n            <AddressType>POBOX</AddressType>\r\n
        \         </Address>\r\n          <Address>\r\n            <AddressType>STREET</AddressType>\r\n
        \         </Address>\r\n        </Addresses>\r\n        <Phones>\r\n          <Phone>\r\n
        \           <PhoneType>DDI</PhoneType>\r\n          </Phone>\r\n          <Phone>\r\n
        \           <PhoneType>FAX</PhoneType>\r\n          </Phone>\r\n          <Phone>\r\n
        \           <PhoneType>DEFAULT</PhoneType>\r\n          </Phone>\r\n          <Phone>\r\n
        \           <PhoneType>MOBILE</PhoneType>\r\n          </Phone>\r\n        </Phones>\r\n
        \       <UpdatedDateUTC>2013-02-12T08:29:03.76</UpdatedDateUTC>\r\n        <IsSupplier>false</IsSupplier>\r\n
        \       <IsCustomer>true</IsCustomer>\r\n      </Contact>\r\n      <Date>2013-02-14T00:00:00</Date>\r\n
        \     <DueDate>2013-03-10T00:00:00</DueDate>\r\n      <Status>DRAFT</Status>\r\n
        \     <LineAmountTypes>Exclusive</LineAmountTypes>\r\n      <LineItems>\r\n
        \       <LineItem>\r\n          <Description>placeholder</Description>\r\n
        \         <UnitAmount>1.00</UnitAmount>\r\n          <TaxType>OUTPUT2</TaxType>\r\n
        \         <TaxAmount>0.40</TaxAmount>\r\n          <LineAmount>2.00</LineAmount>\r\n
        \         <AccountCode>200</AccountCode>\r\n          <Quantity>2.0000</Quantity>\r\n
        \       </LineItem>\r\n      </LineItems>\r\n      <SubTotal>2.00</SubTotal>\r\n
        \     <TotalTax>0.40</TotalTax>\r\n      <Total>2.40</Total>\r\n      <UpdatedDateUTC>2013-02-14T08:42:27.427</UpdatedDateUTC>\r\n
        \     <CurrencyCode>GBP</CurrencyCode>\r\n      <Type>ACCREC</Type>\r\n      <InvoiceID>082a7b3b-bd97-4a5b-87fb-eeeda6f39381</InvoiceID>\r\n
        \     <InvoiceNumber>INV-0309</InvoiceNumber>\r\n      <AmountDue>2.40</AmountDue>\r\n
        \     <AmountPaid>0.00</AmountPaid>\r\n      <SentToContact>false</SentToContact>\r\n
        \     <CurrencyRate>1.000000</CurrencyRate>\r\n      <HasAttachments>false</HasAttachments>\r\n
        \   </Invoice>\r\n  </Invoices>\r\n</Response>"
    http_version: 
  recorded_at: Thu, 14 Feb 2013 08:42:34 GMT
- request:
    method: post
    uri: https://api.xero.com/api.xro/2.0/Invoices
    body:
      encoding: US-ASCII
      string: xml=%3CInvoice%3E%0A++%3CInvoice%3E%0A++++%3CContactID%3E214814d5-64bb-409b-8000-764aa0da91df%3C%2FContactID%3E%0A++++%3CContactStatus%3EACTIVE%3C%2FContactStatus%3E%0A++++%3CName%3EExisting+Company+Inc.%3C%2FName%3E%0A++++%3CAddresses%3E%0A++++++%3CAddress%3E%0A++++++++%3CAddressType%3EPOBOX%3C%2FAddressType%3E%0A++++++%3C%2FAddress%3E%0A++++++%3CAddress%3E%0A++++++++%3CAddressType%3ESTREET%3C%2FAddressType%3E%0A++++++%3C%2FAddress%3E%0A++++%3C%2FAddresses%3E%0A++++%3CPhones%3E%0A++++++%3CPhone%3E%0A++++++++%3CPhoneType%3EDDI%3C%2FPhoneType%3E%0A++++++%3C%2FPhone%3E%0A++++++%3CPhone%3E%0A++++++++%3CPhoneType%3EFAX%3C%2FPhoneType%3E%0A++++++%3C%2FPhone%3E%0A++++++%3CPhone%3E%0A++++++++%3CPhoneType%3EDEFAULT%3C%2FPhoneType%3E%0A++++++%3C%2FPhone%3E%0A++++++%3CPhone%3E%0A++++++++%3CPhoneType%3EMOBILE%3C%2FPhoneType%3E%0A++++++%3C%2FPhone%3E%0A++++%3C%2FPhones%3E%0A++++%3CUpdatedDateUTC%3E2013-02-12T08%3A29%3A03%3C%2FUpdatedDateUTC%3E%0A++++%3CIsSupplier%3Efalse%3C%2FIsSupplier%3E%0A++++%3CIsCustomer%3Etrue%3C%2FIsCustomer%3E%0A++%3C%2FInvoice%3E%0A++%3CDate%3E2013-02-14%3C%2FDate%3E%0A++%3CDueDate%3E2013-03-10%3C%2FDueDate%3E%0A++%3CStatus%3EDELETED%3C%2FStatus%3E%0A++%3CLineAmountTypes%3EExclusive%3C%2FLineAmountTypes%3E%0A++%3CLineItems%3E%0A++++%3CLineItem%3E%0A++++++%3CDescription%3Eplaceholder%3C%2FDescription%3E%0A++++++%3CUnitAmount%3E1.0%3C%2FUnitAmount%3E%0A++++++%3CTaxType%3EOUTPUT2%3C%2FTaxType%3E%0A++++++%3CTaxAmount%3E0.4%3C%2FTaxAmount%3E%0A++++++%3CLineAmount%3E2.0%3C%2FLineAmount%3E%0A++++++%3CAccountCode%3E200%3C%2FAccountCode%3E%0A++++++%3CQuantity%3E2.0%3C%2FQuantity%3E%0A++++%3C%2FLineItem%3E%0A++%3C%2FLineItems%3E%0A++%3CSubTotal%3E2.0%3C%2FSubTotal%3E%0A++%3CTotalTax%3E0.4%3C%2FTotalTax%3E%0A++%3CTotal%3E2.4%3C%2FTotal%3E%0A++%3CUpdatedDateUTC%3E2013-02-14T08%3A42%3A27%3C%2FUpdatedDateUTC%3E%0A++%3CCurrencyCode%3EGBP%3C%2FCurrencyCode%3E%0A++%3CType%3EACCREC%3C%2FType%3E%0A++%3CInvoiceID%3E082a7b3b-bd97-4a5b-87fb-eeeda6f39381%3C%2FInvoiceID%3E%0A++%3CInvoiceNumber%3EINV-0309%3C%2FInvoiceNumber%3E%0A++%3CAmountDue%3E2.4%3C%2FAmountDue%3E%0A++%3CAmountPaid%3E0.0%3C%2FAmountPaid%3E%0A++%3CSentToContact%3Efalse%3C%2FSentToContact%3E%0A%3C%2FInvoice%3E%0A
    headers:
      Charset:
      - utf-8
      Content-Type:
      - application/x-www-form-urlencoded
      Accept:
      - ! '*/*'
      User-Agent:
      - OAuth gem v0.4.5
      Content-Length:
      - '0'
      Authorization:
      - OAuth oauth_consumer_key="<XERO_CONSUMER_KEY>", oauth_nonce="RSIw8f2tcjITFqHpigkyqXJJiSndM0uOhqp7rQD2c",
        oauth_signature="bleByEQBBlmgEYkxz5M4mljuATgIkCkt8tTOQr%2FIdXqjrFIZb4ctc%2FaYkM9tC3Ufy5%2F2pzMMPfaYG2fij%2BAIS3%2BU%2FzSpOonMz1IhXZwbDOvJypDnTkq7KO0jRZU%2Fj%2FzAhdDsjAD6dmDRZdF224sAq%2BSqav8yHoi71T%2FS47t%2BX1A%3D",
        oauth_signature_method="RSA-SHA1", oauth_timestamp="1360831354", oauth_token="<XERO_CONSUMER_KEY>",
        oauth_version="1.0"
  response:
    status:
      code: 200
      message: OK
    headers:
      Cache-Control:
      - private
      Content-Type:
      - text/xml; charset=utf-8
      Server:
      - Microsoft-IIS/7.5
      X-Aspnetmvc-Version:
      - '2.0'
      Www-Authenticate:
      - OAuth Realm="api.xero.com"
      X-Aspnet-Version:
      - 4.0.30319
      X-Powered-By:
      - TeamXero
      X-S:
      - 445758-O1VMAP01
      Date:
      - Thu, 14 Feb 2013 08:42:30 GMT
      Content-Length:
      - '2370'
    body:
      encoding: US-ASCII
      string: ! "<Response xmlns:xsd=\"http://www.w3.org/2001/XMLSchema\" xmlns:xsi=\"http://www.w3.org/2001/XMLSchema-instance\">\r\n
        \ <Id>7faaa86a-8d33-42fd-8357-dfcb16b99245</Id>\r\n  <Status>OK</Status>\r\n
        \ <ProviderName>open-orgn-services</ProviderName>\r\n  <DateTimeUTC>2013-02-14T08:42:30.4673811Z</DateTimeUTC>\r\n
        \ <Invoices>\r\n    <Invoice>\r\n      <Contact>\r\n        <ContactID>214814d5-64bb-409b-8000-764aa0da91df</ContactID>\r\n
        \       <ContactStatus>ACTIVE</ContactStatus>\r\n        <Name>Existing Company
        Inc.</Name>\r\n        <Addresses>\r\n          <Address>\r\n            <AddressType>POBOX</AddressType>\r\n
        \         </Address>\r\n          <Address>\r\n            <AddressType>STREET</AddressType>\r\n
        \         </Address>\r\n        </Addresses>\r\n        <Phones>\r\n          <Phone>\r\n
        \           <PhoneType>DDI</PhoneType>\r\n          </Phone>\r\n          <Phone>\r\n
        \           <PhoneType>FAX</PhoneType>\r\n          </Phone>\r\n          <Phone>\r\n
        \           <PhoneType>DEFAULT</PhoneType>\r\n          </Phone>\r\n          <Phone>\r\n
        \           <PhoneType>MOBILE</PhoneType>\r\n          </Phone>\r\n        </Phones>\r\n
        \       <UpdatedDateUTC>2013-02-12T08:29:03.76</UpdatedDateUTC>\r\n        <IsSupplier>false</IsSupplier>\r\n
        \       <IsCustomer>true</IsCustomer>\r\n      </Contact>\r\n      <Date>2013-02-14T00:00:00</Date>\r\n
        \     <DueDate>2013-03-10T00:00:00</DueDate>\r\n      <Status>DELETED</Status>\r\n
        \     <LineAmountTypes>Exclusive</LineAmountTypes>\r\n      <LineItems>\r\n
        \       <LineItem>\r\n          <Description>placeholder</Description>\r\n
        \         <UnitAmount>1.00</UnitAmount>\r\n          <TaxType>OUTPUT2</TaxType>\r\n
        \         <TaxAmount>0.40</TaxAmount>\r\n          <LineAmount>2.00</LineAmount>\r\n
        \         <AccountCode>200</AccountCode>\r\n          <Quantity>2.0000</Quantity>\r\n
        \       </LineItem>\r\n      </LineItems>\r\n      <SubTotal>2.00</SubTotal>\r\n
        \     <TotalTax>0.40</TotalTax>\r\n      <Total>2.40</Total>\r\n      <UpdatedDateUTC>2013-02-14T08:42:30.453</UpdatedDateUTC>\r\n
        \     <CurrencyCode>GBP</CurrencyCode>\r\n      <Type>ACCREC</Type>\r\n      <InvoiceID>082a7b3b-bd97-4a5b-87fb-eeeda6f39381</InvoiceID>\r\n
        \     <InvoiceNumber>INV-0309</InvoiceNumber>\r\n      <AmountDue>2.40</AmountDue>\r\n
        \     <AmountPaid>0.00</AmountPaid>\r\n      <SentToContact>false</SentToContact>\r\n
        \     <CurrencyRate>1.000000</CurrencyRate>\r\n      <HasAttachments>false</HasAttachments>\r\n
        \   </Invoice>\r\n  </Invoices>\r\n</Response>"
    http_version: 
  recorded_at: Thu, 14 Feb 2013 08:42:35 GMT
recorded_with: VCR 2.4.0
