---
http_interactions:
- request:
    method: get
    uri: https://api.xero.com/api.xro/2.0/Contacts?where=Name%20==%20%22Existing%20Company%20Inc.%22
    body:
      encoding: US-ASCII
      string: ''
    headers:
      Charset:
      - utf-8
      Accept:
      - ! '*/*'
      User-Agent:
      - OAuth gem v0.4.7
      Authorization:
      - OAuth oauth_consumer_key="<XERO_CONSUMER_KEY>", oauth_nonce="Ro82r7E3gHo7syAZqzDw5r5pUAGO1Piuxt5F2dsytk",
        oauth_signature="NDQGMVO4HNBDDpYaoh9uODKl%2F51oi8C5EG7WNN4atBb%2B2tnKZoBH%2BPsAun2H4r%2BKRdsm6Ur06RSmxoWjT58UAVn9ksJhGC8aMDEfGJAJr1OfjihqK%2FPuGvOizxzv4a4NByvKV3XBGtOITJ9v4AojDBj23fS6zWNTV12ERFsrSWk%3D",
        oauth_signature_method="RSA-SHA1", oauth_timestamp="1360916732", oauth_token="<XERO_CONSUMER_KEY>",
        oauth_version="1.0"
  response:
    status:
      code: 200
      message: OK
    headers:
      Cache-Control:
      - private
      Content-Type:
      - text/xml; charset=utf-8
      Server:
      - Microsoft-IIS/7.5
      X-Aspnetmvc-Version:
      - '2.0'
      Www-Authenticate:
      - OAuth Realm="api.xero.com"
      X-Aspnet-Version:
      - 4.0.30319
      X-Powered-By:
      - TeamXero
      X-S:
      - 445758-O1VMAP01
      Date:
      - Fri, 15 Feb 2013 08:25:25 GMT
      Content-Length:
      - '1193'
    body:
      encoding: US-ASCII
      string: ! "<Response xmlns:xsd=\"http://www.w3.org/2001/XMLSchema\" xmlns:xsi=\"http://www.w3.org/2001/XMLSchema-instance\">\r\n
        \ <Id>fbf06faa-3f43-4b50-91f5-38ae4a43962c</Id>\r\n  <Status>OK</Status>\r\n
        \ <ProviderName>open-orgn-services</ProviderName>\r\n  <DateTimeUTC>2013-02-15T08:25:26.167586Z</DateTimeUTC>\r\n
        \ <Contacts>\r\n    <Contact>\r\n      <ContactID>214814d5-64bb-409b-8000-764aa0da91df</ContactID>\r\n
        \     <ContactStatus>ACTIVE</ContactStatus>\r\n      <Name>Existing Company
        Inc.</Name>\r\n      <Addresses>\r\n        <Address>\r\n          <AddressType>POBOX</AddressType>\r\n
        \       </Address>\r\n        <Address>\r\n          <AddressType>STREET</AddressType>\r\n
        \       </Address>\r\n      </Addresses>\r\n      <Phones>\r\n        <Phone>\r\n
        \         <PhoneType>DDI</PhoneType>\r\n        </Phone>\r\n        <Phone>\r\n
        \         <PhoneType>DEFAULT</PhoneType>\r\n        </Phone>\r\n        <Phone>\r\n
        \         <PhoneType>FAX</PhoneType>\r\n        </Phone>\r\n        <Phone>\r\n
        \         <PhoneType>MOBILE</PhoneType>\r\n        </Phone>\r\n      </Phones>\r\n
        \     <UpdatedDateUTC>2013-02-12T08:29:03.76</UpdatedDateUTC>\r\n      <IsSupplier>false</IsSupplier>\r\n
        \     <IsCustomer>true</IsCustomer>\r\n    </Contact>\r\n  </Contacts>\r\n</Response>"
    http_version: 
  recorded_at: Fri, 15 Feb 2013 08:25:33 GMT
- request:
    method: get
    uri: https://api.xero.com/api.xro/2.0/Contacts?where=Name%20==%20%22Existing%20Company%20Inc.%22
    body:
      encoding: US-ASCII
      string: ''
    headers:
      Charset:
      - utf-8
      Accept:
      - ! '*/*'
      User-Agent:
      - OAuth gem v0.4.7
      Authorization:
      - OAuth oauth_consumer_key="<XERO_CONSUMER_KEY>", oauth_nonce="CWHXzx3zDSS5i5VuzPMhrNw2czfMkos7ra3qIETeV4",
        oauth_signature="UP%2Bl8twYA7aRRmN4gbu05Sz%2B2pPnFl5oObiw2oXH9192pv%2FtrO7%2Bv7SRz8A0IzvxB41z3StrtkYjgHRp10zSEMCuJLJNHrgtCbhh5%2BI99m1lB9bqEUrjJvVnLyRu9Of9pDuN24yn%2FEJE6P%2FFZ5nQ9pj8K72dz5sVpcx8tZGPGq8%3D",
        oauth_signature_method="RSA-SHA1", oauth_timestamp="1360916733", oauth_token="<XERO_CONSUMER_KEY>",
        oauth_version="1.0"
  response:
    status:
      code: 200
      message: OK
    headers:
      Cache-Control:
      - private
      Content-Type:
      - text/xml; charset=utf-8
      Server:
      - Microsoft-IIS/7.5
      X-Aspnetmvc-Version:
      - '2.0'
      Www-Authenticate:
      - OAuth Realm="api.xero.com"
      X-Aspnet-Version:
      - 4.0.30319
      X-Powered-By:
      - TeamXero
      X-S:
      - 445758-O1VMAP01
      Date:
      - Fri, 15 Feb 2013 08:25:26 GMT
      Content-Length:
      - '1194'
    body:
      encoding: US-ASCII
      string: ! "<Response xmlns:xsd=\"http://www.w3.org/2001/XMLSchema\" xmlns:xsi=\"http://www.w3.org/2001/XMLSchema-instance\">\r\n
        \ <Id>8c10bca0-1fd7-472d-96af-f16f6d9a7ecc</Id>\r\n  <Status>OK</Status>\r\n
        \ <ProviderName>open-orgn-services</ProviderName>\r\n  <DateTimeUTC>2013-02-15T08:25:26.8539772Z</DateTimeUTC>\r\n
        \ <Contacts>\r\n    <Contact>\r\n      <ContactID>214814d5-64bb-409b-8000-764aa0da91df</ContactID>\r\n
        \     <ContactStatus>ACTIVE</ContactStatus>\r\n      <Name>Existing Company
        Inc.</Name>\r\n      <Addresses>\r\n        <Address>\r\n          <AddressType>POBOX</AddressType>\r\n
        \       </Address>\r\n        <Address>\r\n          <AddressType>STREET</AddressType>\r\n
        \       </Address>\r\n      </Addresses>\r\n      <Phones>\r\n        <Phone>\r\n
        \         <PhoneType>DDI</PhoneType>\r\n        </Phone>\r\n        <Phone>\r\n
        \         <PhoneType>DEFAULT</PhoneType>\r\n        </Phone>\r\n        <Phone>\r\n
        \         <PhoneType>FAX</PhoneType>\r\n        </Phone>\r\n        <Phone>\r\n
        \         <PhoneType>MOBILE</PhoneType>\r\n        </Phone>\r\n      </Phones>\r\n
        \     <UpdatedDateUTC>2013-02-12T08:29:03.76</UpdatedDateUTC>\r\n      <IsSupplier>false</IsSupplier>\r\n
        \     <IsCustomer>true</IsCustomer>\r\n    </Contact>\r\n  </Contacts>\r\n</Response>"
    http_version: 
  recorded_at: Fri, 15 Feb 2013 08:25:33 GMT
- request:
    method: put
    uri: https://api.xero.com/api.xro/2.0/Invoices
    body:
      encoding: US-ASCII
      string: xml=%3CInvoice%3E%0A%20%20%3CType%3EACCREC%3C%2FType%3E%0A%20%20%3CContact%3E%0A%20%20%20%20%3CContactID%3E214814d5-64bb-409b-8000-764aa0da91df%3C%2FContactID%3E%0A%20%20%20%20%3CContactStatus%3EACTIVE%3C%2FContactStatus%3E%0A%20%20%20%20%3CName%3EExisting%20Company%20Inc.%3C%2FName%3E%0A%20%20%20%20%3CAddresses%3E%0A%20%20%20%20%20%20%3CAddress%3E%0A%20%20%20%20%20%20%20%20%3CAddressType%3EPOBOX%3C%2FAddressType%3E%0A%20%20%20%20%20%20%3C%2FAddress%3E%0A%20%20%20%20%20%20%3CAddress%3E%0A%20%20%20%20%20%20%20%20%3CAddressType%3ESTREET%3C%2FAddressType%3E%0A%20%20%20%20%20%20%3C%2FAddress%3E%0A%20%20%20%20%3C%2FAddresses%3E%0A%20%20%20%20%3CPhones%3E%0A%20%20%20%20%20%20%3CPhone%3E%0A%20%20%20%20%20%20%20%20%3CPhoneType%3EDDI%3C%2FPhoneType%3E%0A%20%20%20%20%20%20%3C%2FPhone%3E%0A%20%20%20%20%20%20%3CPhone%3E%0A%20%20%20%20%20%20%20%20%3CPhoneType%3EDEFAULT%3C%2FPhoneType%3E%0A%20%20%20%20%20%20%3C%2FPhone%3E%0A%20%20%20%20%20%20%3CPhone%3E%0A%20%20%20%20%20%20%20%20%3CPhoneType%3EFAX%3C%2FPhoneType%3E%0A%20%20%20%20%20%20%3C%2FPhone%3E%0A%20%20%20%20%20%20%3CPhone%3E%0A%20%20%20%20%20%20%20%20%3CPhoneType%3EMOBILE%3C%2FPhoneType%3E%0A%20%20%20%20%20%20%3C%2FPhone%3E%0A%20%20%20%20%3C%2FPhones%3E%0A%20%20%20%20%3CUpdatedDateUTC%3E2013-02-12T08%3A29%3A03%3C%2FUpdatedDateUTC%3E%0A%20%20%20%20%3CIsSupplier%3Efalse%3C%2FIsSupplier%3E%0A%20%20%20%20%3CIsCustomer%3Etrue%3C%2FIsCustomer%3E%0A%20%20%3C%2FContact%3E%0A%20%20%3CDueDate%3E2013-03-10%3C%2FDueDate%3E%0A%20%20%3CStatus%3EDRAFT%3C%2FStatus%3E%0A%20%20%3CLineItems%3E%0A%20%20%20%20%3CLineItem%3E%0A%20%20%20%20%20%20%3CDescription%3ERegistration%20for%20%27%5BTest%20Event%2000%5D%20Drupal%3A%20Down%20the%20Rabbit%20Hole%20%282013-03-17%29%27%20for%20Bob%20Fish%20%26lt%3Bbob.fish%40example.com%26gt%3B%20%28%29%3C%2FDescription%3E%0A%20%20%20%20%20%20%3CQuantity%3E1%3C%2FQuantity%3E%0A%20%20%20%20%20%20%3CUnitAmount%3E1.0%3C%2FUnitAmount%3E%0A%20%20%20%20%3C%2FLineItem%3E%0A%20%20%3C%2FLineItems%3E%0A%3C%2FInvoice%3E%0A
    headers:
      Charset:
      - utf-8
      Content-Type:
      - application/x-www-form-urlencoded
      Accept:
      - ! '*/*'
      User-Agent:
      - OAuth gem v0.4.7
      Content-Length:
      - '0'
      Authorization:
      - OAuth oauth_consumer_key="<XERO_CONSUMER_KEY>", oauth_nonce="muYGr5DSivZaz2tuQ9YywS3xUGEmOTgfZAabrNkLbLI",
        oauth_signature="CqhOdHWaVdCaXjQ3XP%2F74n3oj%2FL1YK7Sg%2BIpaj%2BhS9Jw2KjlSAp8PYEGwuMx0vRu84Bv%2FrRooBS6aW6ovaqVce%2FKGftEF%2F%2Bc7S5w95c12EZp6zGWOriCQTfBzbfrk%2B%2BM9FksUyNC2iRsan8ZQvm3zQIYr%2BIG66l7IjCmGKAjZZ0%3D",
        oauth_signature_method="RSA-SHA1", oauth_timestamp="1360916733", oauth_token="<XERO_CONSUMER_KEY>",
        oauth_version="1.0"
  response:
    status:
      code: 200
      message: OK
    headers:
      Cache-Control:
      - private
      Content-Type:
      - text/xml; charset=utf-8
      Server:
      - Microsoft-IIS/7.5
      X-Aspnetmvc-Version:
      - '2.0'
      Www-Authenticate:
      - OAuth Realm="api.xero.com"
      X-Aspnet-Version:
      - 4.0.30319
      X-Powered-By:
      - TeamXero
      X-S:
      - 445758-O1VMAP01
      Date:
      - Fri, 15 Feb 2013 08:25:27 GMT
      Content-Length:
      - '2359'
    body:
      encoding: US-ASCII
      string: ! "<Response xmlns:xsd=\"http://www.w3.org/2001/XMLSchema\" xmlns:xsi=\"http://www.w3.org/2001/XMLSchema-instance\">\r\n
        \ <Id>95956d78-ed0c-4d18-b3eb-499bbf6f5503</Id>\r\n  <Status>OK</Status>\r\n
        \ <ProviderName>open-orgn-services</ProviderName>\r\n  <DateTimeUTC>2013-02-15T08:25:27.7743654Z</DateTimeUTC>\r\n
        \ <Invoices>\r\n    <Invoice>\r\n      <Contact>\r\n        <ContactID>214814d5-64bb-409b-8000-764aa0da91df</ContactID>\r\n
        \       <ContactStatus>ACTIVE</ContactStatus>\r\n        <Name>Existing Company
        Inc.</Name>\r\n        <Addresses>\r\n          <Address>\r\n            <AddressType>POBOX</AddressType>\r\n
        \         </Address>\r\n          <Address>\r\n            <AddressType>STREET</AddressType>\r\n
        \         </Address>\r\n        </Addresses>\r\n        <Phones>\r\n          <Phone>\r\n
        \           <PhoneType>DDI</PhoneType>\r\n          </Phone>\r\n          <Phone>\r\n
        \           <PhoneType>FAX</PhoneType>\r\n          </Phone>\r\n          <Phone>\r\n
        \           <PhoneType>DEFAULT</PhoneType>\r\n          </Phone>\r\n          <Phone>\r\n
        \           <PhoneType>MOBILE</PhoneType>\r\n          </Phone>\r\n        </Phones>\r\n
        \       <UpdatedDateUTC>2013-02-12T08:29:03.76</UpdatedDateUTC>\r\n        <IsSupplier>false</IsSupplier>\r\n
        \       <IsCustomer>true</IsCustomer>\r\n      </Contact>\r\n      <Date>2013-02-15T00:00:00</Date>\r\n
        \     <DueDate>2013-03-10T00:00:00</DueDate>\r\n      <Status>DRAFT</Status>\r\n
        \     <LineAmountTypes>Exclusive</LineAmountTypes>\r\n      <LineItems>\r\n
        \       <LineItem>\r\n          <Description>Registration for '[Test Event
        00] Drupal: Down the Rabbit Hole (2013-03-17)' for Bob Fish &lt;bob.fish@example.com&gt;
        ()</Description>\r\n          <UnitAmount>1.00</UnitAmount>\r\n          <LineAmount>1.00</LineAmount>\r\n
        \         <Quantity>1.0000</Quantity>\r\n        </LineItem>\r\n      </LineItems>\r\n
        \     <SubTotal>1.00</SubTotal>\r\n      <TotalTax>0.00</TotalTax>\r\n      <Total>1.00</Total>\r\n
        \     <UpdatedDateUTC>2013-02-15T08:25:27.743</UpdatedDateUTC>\r\n      <CurrencyCode>GBP</CurrencyCode>\r\n
        \     <Type>ACCREC</Type>\r\n      <InvoiceID>2365f9e5-9ccc-47c0-b7ca-12b7b71df088</InvoiceID>\r\n
        \     <InvoiceNumber>INV-0352</InvoiceNumber>\r\n      <AmountDue>1.00</AmountDue>\r\n
        \     <AmountPaid>0.00</AmountPaid>\r\n      <SentToContact>false</SentToContact>\r\n
        \     <CurrencyRate>1.000000</CurrencyRate>\r\n      <HasAttachments>false</HasAttachments>\r\n
        \   </Invoice>\r\n  </Invoices>\r\n</Response>"
    http_version: 
  recorded_at: Fri, 15 Feb 2013 08:25:34 GMT
- request:
    method: post
    uri: https://api.xero.com/api.xro/2.0/Invoices
    body:
      encoding: US-ASCII
      string: xml=%3CInvoice%3E%0A%20%20%3CInvoice%3E%0A%20%20%20%20%3CContactID%3E214814d5-64bb-409b-8000-764aa0da91df%3C%2FContactID%3E%0A%20%20%20%20%3CContactStatus%3EACTIVE%3C%2FContactStatus%3E%0A%20%20%20%20%3CName%3EExisting%20Company%20Inc.%3C%2FName%3E%0A%20%20%20%20%3CAddresses%3E%0A%20%20%20%20%20%20%3CAddress%3E%0A%20%20%20%20%20%20%20%20%3CAddressType%3EPOBOX%3C%2FAddressType%3E%0A%20%20%20%20%20%20%3C%2FAddress%3E%0A%20%20%20%20%20%20%3CAddress%3E%0A%20%20%20%20%20%20%20%20%3CAddressType%3ESTREET%3C%2FAddressType%3E%0A%20%20%20%20%20%20%3C%2FAddress%3E%0A%20%20%20%20%3C%2FAddresses%3E%0A%20%20%20%20%3CPhones%3E%0A%20%20%20%20%20%20%3CPhone%3E%0A%20%20%20%20%20%20%20%20%3CPhoneType%3EDDI%3C%2FPhoneType%3E%0A%20%20%20%20%20%20%3C%2FPhone%3E%0A%20%20%20%20%20%20%3CPhone%3E%0A%20%20%20%20%20%20%20%20%3CPhoneType%3EFAX%3C%2FPhoneType%3E%0A%20%20%20%20%20%20%3C%2FPhone%3E%0A%20%20%20%20%20%20%3CPhone%3E%0A%20%20%20%20%20%20%20%20%3CPhoneType%3EDEFAULT%3C%2FPhoneType%3E%0A%20%20%20%20%20%20%3C%2FPhone%3E%0A%20%20%20%20%20%20%3CPhone%3E%0A%20%20%20%20%20%20%20%20%3CPhoneType%3EMOBILE%3C%2FPhoneType%3E%0A%20%20%20%20%20%20%3C%2FPhone%3E%0A%20%20%20%20%3C%2FPhones%3E%0A%20%20%20%20%3CUpdatedDateUTC%3E2013-02-12T08%3A29%3A03%3C%2FUpdatedDateUTC%3E%0A%20%20%20%20%3CIsSupplier%3Efalse%3C%2FIsSupplier%3E%0A%20%20%20%20%3CIsCustomer%3Etrue%3C%2FIsCustomer%3E%0A%20%20%3C%2FInvoice%3E%0A%20%20%3CDate%3E2013-02-15%3C%2FDate%3E%0A%20%20%3CDueDate%3E2013-03-10%3C%2FDueDate%3E%0A%20%20%3CStatus%3EDRAFT%3C%2FStatus%3E%0A%20%20%3CLineAmountTypes%3EExclusive%3C%2FLineAmountTypes%3E%0A%20%20%3CLineItems%3E%0A%20%20%20%20%3CLineItem%3E%0A%20%20%20%20%20%20%3CDescription%3ERegistration%20for%20%27%5BTest%20Event%2000%5D%20Drupal%3A%20Down%20the%20Rabbit%20Hole%20%282013-03-17%29%27%20for%20Bob%20Fish%20%26lt%3Bbob.fish%40example.com%26gt%3B%20%28%29%3C%2FDescription%3E%0A%20%20%20%20%20%20%3CUnitAmount%3E1.0%3C%2FUnitAmount%3E%0A%20%20%20%20%20%20%3CLineAmount%3E1.0%3C%2FLineAmount%3E%0A%20%20%20%20%20%20%3CQuantity%3E1.0%3C%2FQuantity%3E%0A%20%20%20%20%3C%2FLineItem%3E%0A%20%20%3C%2FLineItems%3E%0A%20%20%3CSubTotal%3E1.0%3C%2FSubTotal%3E%0A%20%20%3CTotalTax%3E0.0%3C%2FTotalTax%3E%0A%20%20%3CTotal%3E1.0%3C%2FTotal%3E%0A%20%20%3CUpdatedDateUTC%3E2013-02-15T08%3A25%3A27%3C%2FUpdatedDateUTC%3E%0A%20%20%3CCurrencyCode%3EGBP%3C%2FCurrencyCode%3E%0A%20%20%3CType%3EACCREC%3C%2FType%3E%0A%20%20%3CInvoiceID%3E2365f9e5-9ccc-47c0-b7ca-12b7b71df088%3C%2FInvoiceID%3E%0A%20%20%3CInvoiceNumber%3EINV-0352%3C%2FInvoiceNumber%3E%0A%20%20%3CAmountDue%3E1.0%3C%2FAmountDue%3E%0A%20%20%3CAmountPaid%3E0.0%3C%2FAmountPaid%3E%0A%20%20%3CSentToContact%3Efalse%3C%2FSentToContact%3E%0A%3C%2FInvoice%3E%0A
    headers:
      Charset:
      - utf-8
      Content-Type:
      - application/x-www-form-urlencoded
      Accept:
      - ! '*/*'
      User-Agent:
      - OAuth gem v0.4.7
      Content-Length:
      - '0'
      Authorization:
      - OAuth oauth_consumer_key="<XERO_CONSUMER_KEY>", oauth_nonce="l3z703GvLy1nl2ru3iJLXSLSyLkkiGEZQRpcig0Fh2I",
        oauth_signature="qBaQCmXkaWUIYZLLLkBdaaYopA7pQvictHsg5YNhL8B3C8QNInmgi%2FmS%2BJkrSmclEccp%2BL%2FjWhb4nAP2pqDB0YsX4AP%2BFUuSE9f6o%2BeQs%2BRIf98Msb8sG5UgGMIiKaYQQNYfB2CEI%2BunLIDHbS%2FNmHMoUGuxQFn%2B7eEjgtTd14Q%3D",
        oauth_signature_method="RSA-SHA1", oauth_timestamp="1360916734", oauth_token="<XERO_CONSUMER_KEY>",
        oauth_version="1.0"
  response:
    status:
      code: 200
      message: OK
    headers:
      Cache-Control:
      - private
      Content-Type:
      - text/xml; charset=utf-8
      Server:
      - Microsoft-IIS/7.5
      X-Aspnetmvc-Version:
      - '2.0'
      Www-Authenticate:
      - OAuth Realm="api.xero.com"
      X-Aspnet-Version:
      - 4.0.30319
      X-Powered-By:
      - TeamXero
      X-S:
      - 445758-O1VMAP01
      Date:
      - Fri, 15 Feb 2013 08:25:27 GMT
      Content-Length:
      - '2522'
    body:
      encoding: US-ASCII
      string: ! "<Response xmlns:xsd=\"http://www.w3.org/2001/XMLSchema\" xmlns:xsi=\"http://www.w3.org/2001/XMLSchema-instance\">\r\n
        \ <Id>32264f65-5b00-49a1-b19b-b2fabd2a4a22</Id>\r\n  <Status>OK</Status>\r\n
        \ <ProviderName>open-orgn-services</ProviderName>\r\n  <DateTimeUTC>2013-02-15T08:25:28.6167546Z</DateTimeUTC>\r\n
        \ <Invoices>\r\n    <Invoice>\r\n      <Warnings>\r\n        <Warning>\r\n
        \         <Message>Only AUTHORISED invoices may have SentToContact updated.</Message>\r\n
        \       </Warning>\r\n      </Warnings>\r\n      <Contact>\r\n        <ContactID>214814d5-64bb-409b-8000-764aa0da91df</ContactID>\r\n
        \       <ContactStatus>ACTIVE</ContactStatus>\r\n        <Name>Existing Company
        Inc.</Name>\r\n        <Addresses>\r\n          <Address>\r\n            <AddressType>POBOX</AddressType>\r\n
        \         </Address>\r\n          <Address>\r\n            <AddressType>STREET</AddressType>\r\n
        \         </Address>\r\n        </Addresses>\r\n        <Phones>\r\n          <Phone>\r\n
        \           <PhoneType>DDI</PhoneType>\r\n          </Phone>\r\n          <Phone>\r\n
        \           <PhoneType>FAX</PhoneType>\r\n          </Phone>\r\n          <Phone>\r\n
        \           <PhoneType>DEFAULT</PhoneType>\r\n          </Phone>\r\n          <Phone>\r\n
        \           <PhoneType>MOBILE</PhoneType>\r\n          </Phone>\r\n        </Phones>\r\n
        \       <UpdatedDateUTC>2013-02-12T08:29:03.76</UpdatedDateUTC>\r\n        <IsSupplier>false</IsSupplier>\r\n
        \       <IsCustomer>true</IsCustomer>\r\n      </Contact>\r\n      <Date>2013-02-15T00:00:00</Date>\r\n
        \     <DueDate>2013-03-10T00:00:00</DueDate>\r\n      <Status>DRAFT</Status>\r\n
        \     <LineAmountTypes>Exclusive</LineAmountTypes>\r\n      <LineItems>\r\n
        \       <LineItem>\r\n          <Description>Registration for '[Test Event
        00] Drupal: Down the Rabbit Hole (2013-03-17)' for Bob Fish &lt;bob.fish@example.com&gt;
        ()</Description>\r\n          <UnitAmount>1.00</UnitAmount>\r\n          <LineAmount>1.00</LineAmount>\r\n
        \         <Quantity>1.0000</Quantity>\r\n        </LineItem>\r\n      </LineItems>\r\n
        \     <SubTotal>1.00</SubTotal>\r\n      <TotalTax>0.00</TotalTax>\r\n      <Total>1.00</Total>\r\n
        \     <UpdatedDateUTC>2013-02-15T08:25:28.507</UpdatedDateUTC>\r\n      <CurrencyCode>GBP</CurrencyCode>\r\n
        \     <Type>ACCREC</Type>\r\n      <InvoiceID>2365f9e5-9ccc-47c0-b7ca-12b7b71df088</InvoiceID>\r\n
        \     <InvoiceNumber>INV-0352</InvoiceNumber>\r\n      <AmountDue>1.00</AmountDue>\r\n
        \     <AmountPaid>0.00</AmountPaid>\r\n      <SentToContact>false</SentToContact>\r\n
        \     <CurrencyRate>1.000000</CurrencyRate>\r\n      <HasAttachments>false</HasAttachments>\r\n
        \   </Invoice>\r\n  </Invoices>\r\n</Response>"
    http_version: 
  recorded_at: Fri, 15 Feb 2013 08:25:35 GMT
- request:
    method: get
    uri: https://api.xero.com/api.xro/2.0/Contacts?where=Name%20==%20%22Existing%20Company%20Inc.%22
    body:
      encoding: US-ASCII
      string: ''
    headers:
      Charset:
      - utf-8
      Accept:
      - ! '*/*'
      User-Agent:
      - OAuth gem v0.4.7
      Authorization:
      - OAuth oauth_consumer_key="<XERO_CONSUMER_KEY>", oauth_nonce="Z57FPnYTez2sYI580pbcG0Pm2w8h0gGMYMrMx4OXX0",
        oauth_signature="pxxhKdCSOwyTUfExBY5gj6hI8UIOddxNUadmhnwIzIg4hU13CWauzrfxiGzirOs1i3sDSe2HUeO8AkFSC%2F5%2F%2Fvpw26lEFm7J0VkHFSclD6J0GBHpx1j1PwdOmbAnd2nM3QSCgplhm8R9cxLBCuauehMSmHQflL6VVtsWmQOa8bs%3D",
        oauth_signature_method="RSA-SHA1", oauth_timestamp="1360916735", oauth_token="<XERO_CONSUMER_KEY>",
        oauth_version="1.0"
  response:
    status:
      code: 200
      message: OK
    headers:
      Cache-Control:
      - private
      Content-Type:
      - text/xml; charset=utf-8
      Server:
      - Microsoft-IIS/7.5
      X-Aspnetmvc-Version:
      - '2.0'
      Www-Authenticate:
      - OAuth Realm="api.xero.com"
      X-Aspnet-Version:
      - 4.0.30319
      X-Powered-By:
      - TeamXero
      X-S:
      - 445758-O1VMAP01
      Date:
      - Fri, 15 Feb 2013 08:25:29 GMT
      Content-Length:
      - '1194'
    body:
      encoding: US-ASCII
      string: ! "<Response xmlns:xsd=\"http://www.w3.org/2001/XMLSchema\" xmlns:xsi=\"http://www.w3.org/2001/XMLSchema-instance\">\r\n
        \ <Id>6794e037-7010-42ae-aa4a-b896335b2cfc</Id>\r\n  <Status>OK</Status>\r\n
        \ <ProviderName>open-orgn-services</ProviderName>\r\n  <DateTimeUTC>2013-02-15T08:25:29.3031458Z</DateTimeUTC>\r\n
        \ <Contacts>\r\n    <Contact>\r\n      <ContactID>214814d5-64bb-409b-8000-764aa0da91df</ContactID>\r\n
        \     <ContactStatus>ACTIVE</ContactStatus>\r\n      <Name>Existing Company
        Inc.</Name>\r\n      <Addresses>\r\n        <Address>\r\n          <AddressType>POBOX</AddressType>\r\n
        \       </Address>\r\n        <Address>\r\n          <AddressType>STREET</AddressType>\r\n
        \       </Address>\r\n      </Addresses>\r\n      <Phones>\r\n        <Phone>\r\n
        \         <PhoneType>DDI</PhoneType>\r\n        </Phone>\r\n        <Phone>\r\n
        \         <PhoneType>DEFAULT</PhoneType>\r\n        </Phone>\r\n        <Phone>\r\n
        \         <PhoneType>FAX</PhoneType>\r\n        </Phone>\r\n        <Phone>\r\n
        \         <PhoneType>MOBILE</PhoneType>\r\n        </Phone>\r\n      </Phones>\r\n
        \     <UpdatedDateUTC>2013-02-12T08:29:03.76</UpdatedDateUTC>\r\n      <IsSupplier>false</IsSupplier>\r\n
        \     <IsCustomer>true</IsCustomer>\r\n    </Contact>\r\n  </Contacts>\r\n</Response>"
    http_version: 
  recorded_at: Fri, 15 Feb 2013 08:25:36 GMT
- request:
    method: get
    uri: https://api.xero.com/api.xro/2.0/Invoices?where=Contact.ContactID%20=%20GUID(%22214814d5-64bb-409b-8000-764aa0da91df%22)%20AND%20Status%20!=%20%22DELETED%22
    body:
      encoding: US-ASCII
      string: ''
    headers:
      Charset:
      - utf-8
      Accept:
      - ! '*/*'
      User-Agent:
      - OAuth gem v0.4.7
      Authorization:
      - OAuth oauth_consumer_key="<XERO_CONSUMER_KEY>", oauth_nonce="aZlz73mkOuT3rpC47Wf0TAMKgEA7TkKVCwZw9k4CmDo",
        oauth_signature="eKfqnQJ22%2FS0vHZY%2Fy%2BvwGSgSLWFqqdrKv0qod6D3iPyb2b3oyof8CMRegSn6xbbtVCQUD%2FhjJJ3EwDyJKt%2Ft8RPZfMeqbENqGUyFcvnpuSX5HoLZgggyUQrQK45i3kVB3mRPDiPf8TH7HemVcVQ42ID5lGxQUgXCa2bPosyra0%3D",
        oauth_signature_method="RSA-SHA1", oauth_timestamp="1360916736", oauth_token="<XERO_CONSUMER_KEY>",
        oauth_version="1.0"
  response:
    status:
      code: 200
      message: OK
    headers:
      Cache-Control:
      - private
      Content-Type:
      - text/xml; charset=utf-8
      Server:
      - Microsoft-IIS/7.5
      X-Aspnetmvc-Version:
      - '2.0'
      Www-Authenticate:
      - OAuth Realm="api.xero.com"
      X-Aspnet-Version:
      - 4.0.30319
      X-Powered-By:
      - TeamXero
      X-S:
      - 445758-O1VMAP01
      Date:
      - Fri, 15 Feb 2013 08:25:30 GMT
      Content-Length:
      - '3545'
    body:
      encoding: US-ASCII
      string: ! "<Response xmlns:xsd=\"http://www.w3.org/2001/XMLSchema\" xmlns:xsi=\"http://www.w3.org/2001/XMLSchema-instance\">\r\n
        \ <Id>4d70036b-5f8a-4d78-849a-30f1cca3f243</Id>\r\n  <Status>OK</Status>\r\n
        \ <ProviderName>open-orgn-services</ProviderName>\r\n  <DateTimeUTC>2013-02-15T08:25:30.1923344Z</DateTimeUTC>\r\n
        \ <Invoices>\r\n    <Invoice>\r\n      <Contact>\r\n        <ContactID>214814d5-64bb-409b-8000-764aa0da91df</ContactID>\r\n
        \       <Name>Existing Company Inc.</Name>\r\n      </Contact>\r\n      <Date>2013-02-14T00:00:00</Date>\r\n
        \     <DueDate>2013-03-10T00:00:00</DueDate>\r\n      <Status>DRAFT</Status>\r\n
        \     <LineAmountTypes>Exclusive</LineAmountTypes>\r\n      <SubTotal>1.00</SubTotal>\r\n
        \     <TotalTax>0.20</TotalTax>\r\n      <Total>1.20</Total>\r\n      <UpdatedDateUTC>2013-02-14T11:00:58.697</UpdatedDateUTC>\r\n
        \     <CurrencyCode>GBP</CurrencyCode>\r\n      <Type>ACCREC</Type>\r\n      <InvoiceID>91d247ef-dce1-4b2d-a132-451473173abc</InvoiceID>\r\n
        \     <InvoiceNumber>INV-0326</InvoiceNumber>\r\n      <AmountDue>1.20</AmountDue>\r\n
        \     <AmountPaid>0.00</AmountPaid>\r\n      <HasAttachments>false</HasAttachments>\r\n
        \   </Invoice>\r\n    <Invoice>\r\n      <Contact>\r\n        <ContactID>214814d5-64bb-409b-8000-764aa0da91df</ContactID>\r\n
        \       <Name>Existing Company Inc.</Name>\r\n      </Contact>\r\n      <Date>2013-02-14T00:00:00</Date>\r\n
        \     <DueDate>2013-03-10T00:00:00</DueDate>\r\n      <Status>DRAFT</Status>\r\n
        \     <LineAmountTypes>Exclusive</LineAmountTypes>\r\n      <SubTotal>1.00</SubTotal>\r\n
        \     <TotalTax>0.20</TotalTax>\r\n      <Total>1.20</Total>\r\n      <UpdatedDateUTC>2013-02-14T11:01:02.067</UpdatedDateUTC>\r\n
        \     <CurrencyCode>GBP</CurrencyCode>\r\n      <Type>ACCREC</Type>\r\n      <InvoiceID>c7dbd4c5-7031-4bcd-8697-2b043024d889</InvoiceID>\r\n
        \     <InvoiceNumber>INV-0327</InvoiceNumber>\r\n      <AmountDue>1.20</AmountDue>\r\n
        \     <AmountPaid>0.00</AmountPaid>\r\n      <HasAttachments>false</HasAttachments>\r\n
        \   </Invoice>\r\n    <Invoice>\r\n      <Contact>\r\n        <ContactID>214814d5-64bb-409b-8000-764aa0da91df</ContactID>\r\n
        \       <Name>Existing Company Inc.</Name>\r\n      </Contact>\r\n      <Date>2013-02-14T00:00:00</Date>\r\n
        \     <DueDate>2013-03-10T00:00:00</DueDate>\r\n      <Status>DRAFT</Status>\r\n
        \     <LineAmountTypes>Exclusive</LineAmountTypes>\r\n      <SubTotal>1.00</SubTotal>\r\n
        \     <TotalTax>0.00</TotalTax>\r\n      <Total>1.00</Total>\r\n      <UpdatedDateUTC>2013-02-14T11:01:11.987</UpdatedDateUTC>\r\n
        \     <CurrencyCode>GBP</CurrencyCode>\r\n      <Type>ACCREC</Type>\r\n      <InvoiceID>39135cc2-8bc4-480a-89e8-ad78a06da900</InvoiceID>\r\n
        \     <InvoiceNumber>INV-0329</InvoiceNumber>\r\n      <AmountDue>1.00</AmountDue>\r\n
        \     <AmountPaid>0.00</AmountPaid>\r\n      <HasAttachments>false</HasAttachments>\r\n
        \   </Invoice>\r\n    <Invoice>\r\n      <Contact>\r\n        <ContactID>214814d5-64bb-409b-8000-764aa0da91df</ContactID>\r\n
        \       <Name>Existing Company Inc.</Name>\r\n      </Contact>\r\n      <Date>2013-02-15T00:00:00</Date>\r\n
        \     <DueDate>2013-03-10T00:00:00</DueDate>\r\n      <Status>DRAFT</Status>\r\n
        \     <LineAmountTypes>Exclusive</LineAmountTypes>\r\n      <SubTotal>1.00</SubTotal>\r\n
        \     <TotalTax>0.00</TotalTax>\r\n      <Total>1.00</Total>\r\n      <UpdatedDateUTC>2013-02-15T08:25:28.507</UpdatedDateUTC>\r\n
        \     <CurrencyCode>GBP</CurrencyCode>\r\n      <Type>ACCREC</Type>\r\n      <InvoiceID>2365f9e5-9ccc-47c0-b7ca-12b7b71df088</InvoiceID>\r\n
        \     <InvoiceNumber>INV-0352</InvoiceNumber>\r\n      <AmountDue>1.00</AmountDue>\r\n
        \     <AmountPaid>0.00</AmountPaid>\r\n      <HasAttachments>false</HasAttachments>\r\n
        \   </Invoice>\r\n  </Invoices>\r\n</Response>"
    http_version: 
  recorded_at: Fri, 15 Feb 2013 08:25:37 GMT
- request:
    method: get
    uri: https://api.xero.com/api.xro/2.0/Invoices/2365f9e5-9ccc-47c0-b7ca-12b7b71df088
    body:
      encoding: US-ASCII
      string: ''
    headers:
      Charset:
      - utf-8
      Accept:
      - ! '*/*'
      User-Agent:
      - OAuth gem v0.4.7
      Authorization:
      - OAuth oauth_consumer_key="<XERO_CONSUMER_KEY>", oauth_nonce="LjaQAdNDM0wltT3qVrf9GBlyrjpl1Y3GGeFs1quHo",
        oauth_signature="l4PB9z%2FOdrI2daphM%2BYRZ1LukN7J6cuRIXCW9sCH5JHYwusWu0qodJASuobK9kwAMjymTmg2ZlbCzM3qxnwb8%2Buyod%2BPuQ9YShqlxfQVUFk0wa0TGqBDGbeB8OfW0qFnccXTah%2Bx2rQyaRKxDO2w4dW6OuIGdCC4n63FBSDcCmg%3D",
        oauth_signature_method="RSA-SHA1", oauth_timestamp="1360916737", oauth_token="<XERO_CONSUMER_KEY>",
        oauth_version="1.0"
  response:
    status:
      code: 200
      message: OK
    headers:
      Cache-Control:
      - private
      Content-Type:
      - text/xml; charset=utf-8
      Server:
      - Microsoft-IIS/7.5
      X-Aspnetmvc-Version:
      - '2.0'
      Www-Authenticate:
      - OAuth Realm="api.xero.com"
      X-Aspnet-Version:
      - 4.0.30319
      X-Powered-By:
      - TeamXero
      X-S:
      - 445758-O1VMAP01
      Date:
      - Fri, 15 Feb 2013 08:25:30 GMT
      Content-Length:
      - '2358'
    body:
      encoding: US-ASCII
      string: ! "<Response xmlns:xsd=\"http://www.w3.org/2001/XMLSchema\" xmlns:xsi=\"http://www.w3.org/2001/XMLSchema-instance\">\r\n
        \ <Id>f412833d-d088-4bec-b6fa-c2c6237f590a</Id>\r\n  <Status>OK</Status>\r\n
        \ <ProviderName>open-orgn-services</ProviderName>\r\n  <DateTimeUTC>2013-02-15T08:25:30.925525Z</DateTimeUTC>\r\n
        \ <Invoices>\r\n    <Invoice>\r\n      <Contact>\r\n        <ContactID>214814d5-64bb-409b-8000-764aa0da91df</ContactID>\r\n
        \       <ContactStatus>ACTIVE</ContactStatus>\r\n        <Name>Existing Company
        Inc.</Name>\r\n        <Addresses>\r\n          <Address>\r\n            <AddressType>POBOX</AddressType>\r\n
        \         </Address>\r\n          <Address>\r\n            <AddressType>STREET</AddressType>\r\n
        \         </Address>\r\n        </Addresses>\r\n        <Phones>\r\n          <Phone>\r\n
        \           <PhoneType>DDI</PhoneType>\r\n          </Phone>\r\n          <Phone>\r\n
        \           <PhoneType>FAX</PhoneType>\r\n          </Phone>\r\n          <Phone>\r\n
        \           <PhoneType>DEFAULT</PhoneType>\r\n          </Phone>\r\n          <Phone>\r\n
        \           <PhoneType>MOBILE</PhoneType>\r\n          </Phone>\r\n        </Phones>\r\n
        \       <UpdatedDateUTC>2013-02-12T08:29:03.76</UpdatedDateUTC>\r\n        <IsSupplier>false</IsSupplier>\r\n
        \       <IsCustomer>true</IsCustomer>\r\n      </Contact>\r\n      <Date>2013-02-15T00:00:00</Date>\r\n
        \     <DueDate>2013-03-10T00:00:00</DueDate>\r\n      <Status>DRAFT</Status>\r\n
        \     <LineAmountTypes>Exclusive</LineAmountTypes>\r\n      <LineItems>\r\n
        \       <LineItem>\r\n          <Description>Registration for '[Test Event
        00] Drupal: Down the Rabbit Hole (2013-03-17)' for Bob Fish &lt;bob.fish@example.com&gt;
        ()</Description>\r\n          <UnitAmount>1.00</UnitAmount>\r\n          <LineAmount>1.00</LineAmount>\r\n
        \         <Quantity>1.0000</Quantity>\r\n        </LineItem>\r\n      </LineItems>\r\n
        \     <SubTotal>1.00</SubTotal>\r\n      <TotalTax>0.00</TotalTax>\r\n      <Total>1.00</Total>\r\n
        \     <UpdatedDateUTC>2013-02-15T08:25:28.507</UpdatedDateUTC>\r\n      <CurrencyCode>GBP</CurrencyCode>\r\n
        \     <Type>ACCREC</Type>\r\n      <InvoiceID>2365f9e5-9ccc-47c0-b7ca-12b7b71df088</InvoiceID>\r\n
        \     <InvoiceNumber>INV-0352</InvoiceNumber>\r\n      <AmountDue>1.00</AmountDue>\r\n
        \     <AmountPaid>0.00</AmountPaid>\r\n      <SentToContact>false</SentToContact>\r\n
        \     <CurrencyRate>1.000000</CurrencyRate>\r\n      <HasAttachments>false</HasAttachments>\r\n
        \   </Invoice>\r\n  </Invoices>\r\n</Response>"
    http_version: 
  recorded_at: Fri, 15 Feb 2013 08:25:37 GMT
- request:
    method: post
    uri: https://api.xero.com/api.xro/2.0/Invoices
    body:
      encoding: US-ASCII
      string: xml=%3CInvoice%3E%0A%20%20%3CInvoice%3E%0A%20%20%20%20%3CContactID%3E214814d5-64bb-409b-8000-764aa0da91df%3C%2FContactID%3E%0A%20%20%20%20%3CContactStatus%3EACTIVE%3C%2FContactStatus%3E%0A%20%20%20%20%3CName%3EExisting%20Company%20Inc.%3C%2FName%3E%0A%20%20%20%20%3CAddresses%3E%0A%20%20%20%20%20%20%3CAddress%3E%0A%20%20%20%20%20%20%20%20%3CAddressType%3EPOBOX%3C%2FAddressType%3E%0A%20%20%20%20%20%20%3C%2FAddress%3E%0A%20%20%20%20%20%20%3CAddress%3E%0A%20%20%20%20%20%20%20%20%3CAddressType%3ESTREET%3C%2FAddressType%3E%0A%20%20%20%20%20%20%3C%2FAddress%3E%0A%20%20%20%20%3C%2FAddresses%3E%0A%20%20%20%20%3CPhones%3E%0A%20%20%20%20%20%20%3CPhone%3E%0A%20%20%20%20%20%20%20%20%3CPhoneType%3EDDI%3C%2FPhoneType%3E%0A%20%20%20%20%20%20%3C%2FPhone%3E%0A%20%20%20%20%20%20%3CPhone%3E%0A%20%20%20%20%20%20%20%20%3CPhoneType%3EFAX%3C%2FPhoneType%3E%0A%20%20%20%20%20%20%3C%2FPhone%3E%0A%20%20%20%20%20%20%3CPhone%3E%0A%20%20%20%20%20%20%20%20%3CPhoneType%3EDEFAULT%3C%2FPhoneType%3E%0A%20%20%20%20%20%20%3C%2FPhone%3E%0A%20%20%20%20%20%20%3CPhone%3E%0A%20%20%20%20%20%20%20%20%3CPhoneType%3EMOBILE%3C%2FPhoneType%3E%0A%20%20%20%20%20%20%3C%2FPhone%3E%0A%20%20%20%20%3C%2FPhones%3E%0A%20%20%20%20%3CUpdatedDateUTC%3E2013-02-12T08%3A29%3A03%3C%2FUpdatedDateUTC%3E%0A%20%20%20%20%3CIsSupplier%3Efalse%3C%2FIsSupplier%3E%0A%20%20%20%20%3CIsCustomer%3Etrue%3C%2FIsCustomer%3E%0A%20%20%3C%2FInvoice%3E%0A%20%20%3CDate%3E2013-02-15%3C%2FDate%3E%0A%20%20%3CDueDate%3E2013-03-10%3C%2FDueDate%3E%0A%20%20%3CStatus%3EDELETED%3C%2FStatus%3E%0A%20%20%3CLineAmountTypes%3EExclusive%3C%2FLineAmountTypes%3E%0A%20%20%3CLineItems%3E%0A%20%20%20%20%3CLineItem%3E%0A%20%20%20%20%20%20%3CDescription%3ERegistration%20for%20%27%5BTest%20Event%2000%5D%20Drupal%3A%20Down%20the%20Rabbit%20Hole%20%282013-03-17%29%27%20for%20Bob%20Fish%20%26lt%3Bbob.fish%40example.com%26gt%3B%20%28%29%3C%2FDescription%3E%0A%20%20%20%20%20%20%3CUnitAmount%3E1.0%3C%2FUnitAmount%3E%0A%20%20%20%20%20%20%3CLineAmount%3E1.0%3C%2FLineAmount%3E%0A%20%20%20%20%20%20%3CQuantity%3E1.0%3C%2FQuantity%3E%0A%20%20%20%20%3C%2FLineItem%3E%0A%20%20%3C%2FLineItems%3E%0A%20%20%3CSubTotal%3E1.0%3C%2FSubTotal%3E%0A%20%20%3CTotalTax%3E0.0%3C%2FTotalTax%3E%0A%20%20%3CTotal%3E1.0%3C%2FTotal%3E%0A%20%20%3CUpdatedDateUTC%3E2013-02-15T08%3A25%3A28%3C%2FUpdatedDateUTC%3E%0A%20%20%3CCurrencyCode%3EGBP%3C%2FCurrencyCode%3E%0A%20%20%3CType%3EACCREC%3C%2FType%3E%0A%20%20%3CInvoiceID%3E2365f9e5-9ccc-47c0-b7ca-12b7b71df088%3C%2FInvoiceID%3E%0A%20%20%3CInvoiceNumber%3EINV-0352%3C%2FInvoiceNumber%3E%0A%20%20%3CAmountDue%3E1.0%3C%2FAmountDue%3E%0A%20%20%3CAmountPaid%3E0.0%3C%2FAmountPaid%3E%0A%20%20%3CSentToContact%3Efalse%3C%2FSentToContact%3E%0A%3C%2FInvoice%3E%0A
    headers:
      Charset:
      - utf-8
      Content-Type:
      - application/x-www-form-urlencoded
      Accept:
      - ! '*/*'
      User-Agent:
      - OAuth gem v0.4.7
      Content-Length:
      - '0'
      Authorization:
      - OAuth oauth_consumer_key="<XERO_CONSUMER_KEY>", oauth_nonce="kdkW8tIrBUEORWd59Obst9QkeOgRlBTOLIAGjjD4kg",
        oauth_signature="qi4WovJYkCLT2Wm1O6QHr8YrbjMpfXorUFJdWKuGrqiTcP2rqjHbGaN1lOJgsg5tuHmDmQIMu4ApM8rSNFVeh%2FkHgSmB3oC1MAEdYomHSc53ApUxqF6lx8KSzO2oHbuCL5Ll1VzKvG5pJiNDeqdStgs3lSLiIelOas8lpdgfaHY%3D",
        oauth_signature_method="RSA-SHA1", oauth_timestamp="1360916737", oauth_token="<XERO_CONSUMER_KEY>",
        oauth_version="1.0"
  response:
    status:
      code: 200
      message: OK
    headers:
      Cache-Control:
      - private
      Content-Type:
      - text/xml; charset=utf-8
      Server:
      - Microsoft-IIS/7.5
      X-Aspnetmvc-Version:
      - '2.0'
      Www-Authenticate:
      - OAuth Realm="api.xero.com"
      X-Aspnet-Version:
      - 4.0.30319
      X-Powered-By:
      - TeamXero
      X-S:
      - 445758-O1VMAP01
      Date:
      - Fri, 15 Feb 2013 08:25:31 GMT
      Content-Length:
      - '2361'
    body:
      encoding: US-ASCII
      string: ! "<Response xmlns:xsd=\"http://www.w3.org/2001/XMLSchema\" xmlns:xsi=\"http://www.w3.org/2001/XMLSchema-instance\">\r\n
        \ <Id>a8abfd01-7208-410c-96de-9fadfaa49c6e</Id>\r\n  <Status>OK</Status>\r\n
        \ <ProviderName>open-orgn-services</ProviderName>\r\n  <DateTimeUTC>2013-02-15T08:25:31.6743154Z</DateTimeUTC>\r\n
        \ <Invoices>\r\n    <Invoice>\r\n      <Contact>\r\n        <ContactID>214814d5-64bb-409b-8000-764aa0da91df</ContactID>\r\n
        \       <ContactStatus>ACTIVE</ContactStatus>\r\n        <Name>Existing Company
        Inc.</Name>\r\n        <Addresses>\r\n          <Address>\r\n            <AddressType>POBOX</AddressType>\r\n
        \         </Address>\r\n          <Address>\r\n            <AddressType>STREET</AddressType>\r\n
        \         </Address>\r\n        </Addresses>\r\n        <Phones>\r\n          <Phone>\r\n
        \           <PhoneType>DDI</PhoneType>\r\n          </Phone>\r\n          <Phone>\r\n
        \           <PhoneType>FAX</PhoneType>\r\n          </Phone>\r\n          <Phone>\r\n
        \           <PhoneType>DEFAULT</PhoneType>\r\n          </Phone>\r\n          <Phone>\r\n
        \           <PhoneType>MOBILE</PhoneType>\r\n          </Phone>\r\n        </Phones>\r\n
        \       <UpdatedDateUTC>2013-02-12T08:29:03.76</UpdatedDateUTC>\r\n        <IsSupplier>false</IsSupplier>\r\n
        \       <IsCustomer>true</IsCustomer>\r\n      </Contact>\r\n      <Date>2013-02-15T00:00:00</Date>\r\n
        \     <DueDate>2013-03-10T00:00:00</DueDate>\r\n      <Status>DELETED</Status>\r\n
        \     <LineAmountTypes>Exclusive</LineAmountTypes>\r\n      <LineItems>\r\n
        \       <LineItem>\r\n          <Description>Registration for '[Test Event
        00] Drupal: Down the Rabbit Hole (2013-03-17)' for Bob Fish &lt;bob.fish@example.com&gt;
        ()</Description>\r\n          <UnitAmount>1.00</UnitAmount>\r\n          <LineAmount>1.00</LineAmount>\r\n
        \         <Quantity>1.0000</Quantity>\r\n        </LineItem>\r\n      </LineItems>\r\n
        \     <SubTotal>1.00</SubTotal>\r\n      <TotalTax>0.00</TotalTax>\r\n      <Total>1.00</Total>\r\n
        \     <UpdatedDateUTC>2013-02-15T08:25:31.643</UpdatedDateUTC>\r\n      <CurrencyCode>GBP</CurrencyCode>\r\n
        \     <Type>ACCREC</Type>\r\n      <InvoiceID>2365f9e5-9ccc-47c0-b7ca-12b7b71df088</InvoiceID>\r\n
        \     <InvoiceNumber>INV-0352</InvoiceNumber>\r\n      <AmountDue>1.00</AmountDue>\r\n
        \     <AmountPaid>0.00</AmountPaid>\r\n      <SentToContact>false</SentToContact>\r\n
        \     <CurrencyRate>1.000000</CurrencyRate>\r\n      <HasAttachments>false</HasAttachments>\r\n
        \   </Invoice>\r\n  </Invoices>\r\n</Response>"
    http_version: 
  recorded_at: Fri, 15 Feb 2013 08:25:38 GMT
recorded_with: VCR 2.4.0
