---
http_interactions:
- request:
    method: get
    uri: https://<CAPSULECRM_API_TOKEN>:x@<CAPSULECRM_ACCOUNT_NAME>.capsulecrm.com/api/party?q=Omni%2<XPC_SERVICE_NAME>Consumer%2<XPC_SERVICE_NAME>Products
    body:
      encoding: US-ASCII
      string: ''
    headers:
      User-Agent:
      - CapsuleCRM ruby gem
  response:
    status:
      code: 200
      message: OK
    headers:
      Date:
      - Wed, 17 Sep 2<XPC_SERVICE_NAME>14 11:28:41 GMT
      Server:
      - Apache
      X-Frame-Options:
      - DENY
      Set-Cookie:
      - JSESSIONID=; Expires=Thu, <XPC_SERVICE_NAME>1-Jan-197<XPC_SERVICE_NAME> <XPC_SERVICE_NAME><XPC_SERVICE_NAME>:<XPC_SERVICE_NAME><XPC_SERVICE_NAME>:1<XPC_SERVICE_NAME>
        GMT; Path=/
      Content-Length:
      - '74'
      Content-Type:
      - ! '*/*;charset=UTF-8'
    body:
      encoding: US-ASCII
      string: <?xml version="1.<XPC_SERVICE_NAME>" enc<METRICS_API_USERNAME>ng="UTF-8"
        standalone="yes"?><parties size="<XPC_SERVICE_NAME>"/>
    http_version: 
  recorded_at: Wed, 17 Sep 2014 11:28:39 GMT
- request:
    method: post
    uri: https://<CAPSULECRM_API_TOKEN>:x@<CAPSULECRM_ACCOUNT_NAME>.capsulecrm.com/api/organisation
    body:
      encoding: US-ASCII
      string: ! "<?xml version=\"1.<XPC_SERVICE_NAME>\" enc<METRICS_API_USERNAME>ng=\"UTF-8\"?>\n<organisation>\n
        \ <about nil=\"true\"/>\n  <name>Omni Consumer Products</name>\n  <contacts/>\n</organisation>\n"
    headers:
      Content-Type:
      - text/xml
  response:
    status:
      code: 201
      message: Created
    headers:
      Date:
      - Wed, 17 Sep 2<XPC_SERVICE_NAME>14 11:28:41 GMT
      Server:
      - Apache
      X-Frame-Options:
      - DENY
      Set-Cookie:
      - JSESSIONID=; Expires=Thu, <XPC_SERVICE_NAME>1-Jan-197<XPC_SERVICE_NAME> <XPC_SERVICE_NAME><XPC_SERVICE_NAME>:<XPC_SERVICE_NAME><XPC_SERVICE_NAME>:1<XPC_SERVICE_NAME>
        GMT; Path=/
      Location:
      - https://<CAPSULECRM_ACCOUNT_NAME>.capsulecrm.com/api/party/67694442
      Content-Length:
      - <XPC_SERVICE_NAME>
    body:
      encoding: US-ASCII
      string: ''
    http_version: 
  recorded_at: Wed, 17 Sep 2014 11:28:40 GMT
- request:
    method: get
    uri: https://<CAPSULECRM_API_TOKEN>:x@<CAPSULECRM_ACCOUNT_NAME>.capsulecrm.com/api/party?q=Omni%2<XPC_SERVICE_NAME>Consumer%2<XPC_SERVICE_NAME>Products
    body:
      encoding: US-ASCII
      string: ''
    headers:
      User-Agent:
      - CapsuleCRM ruby gem
  response:
    status:
      code: 200
      message: OK
    headers:
      Date:
      - Wed, 17 Sep 2<XPC_SERVICE_NAME>14 11:28:41 GMT
      Server:
      - Apache
      X-Frame-Options:
      - DENY
      Set-Cookie:
      - JSESSIONID=; Expires=Thu, <XPC_SERVICE_NAME>1-Jan-197<XPC_SERVICE_NAME> <XPC_SERVICE_NAME><XPC_SERVICE_NAME>:<XPC_SERVICE_NAME><XPC_SERVICE_NAME>:1<XPC_SERVICE_NAME>
        GMT; Path=/
      Content-Length:
      - '374'
      Content-Type:
      - ! '*/*;charset=UTF-8'
    body:
      encoding: US-ASCII
      string: <?xml version="1.<XPC_SERVICE_NAME>" enc<METRICS_API_USERNAME>ng="UTF-8"
        standalone="yes"?><parties size="1"><organisation><id>67694442</id><contacts/><pictureURL>https://d365sd3k9yw37.cloudfront.net/a/141<XPC_SERVICE_NAME>7941<XPC_SERVICE_NAME>9/theme/default/images/org_avatar_7<XPC_SERVICE_NAME>.png</pictureURL><createdOn>2<XPC_SERVICE_NAME>14-<XPC_SERVICE_NAME>9-17T11:28:4<XPC_SERVICE_NAME>Z</createdOn><updatedOn>2<XPC_SERVICE_NAME>14-<XPC_SERVICE_NAME>9-17T11:28:4<XPC_SERVICE_NAME>Z</updatedOn><name>Omni
        Consumer Products</name></organisation></parties>
    http_version: 
  recorded_at: Wed, 17 Sep 2014 11:28:40 GMT
- request:
    method: post
    uri: https://<CAPSULECRM_API_TOKEN>:x@<CAPSULECRM_ACCOUNT_NAME>.capsulecrm.com/api/party/67694442/tag/Membership
    body:
      encoding: US-ASCII
      string: ! "<?xml version=\"1.<XPC_SERVICE_NAME>\" enc<METRICS_API_USERNAME>ng=\"UTF-8\"?>\n<tags>\n
        \ <tag>\n    <name>Membership</name>\n  </tag>\n</tags>\n"
    headers:
      Content-Type:
      - text/xml
  response:
    status:
      code: 201
      message: Created
    headers:
      Date:
      - Wed, 17 Sep 2<XPC_SERVICE_NAME>14 11:28:42 GMT
      Server:
      - Apache
      X-Frame-Options:
      - DENY
      Set-Cookie:
      - JSESSIONID=; Expires=Thu, <XPC_SERVICE_NAME>1-Jan-197<XPC_SERVICE_NAME> <XPC_SERVICE_NAME><XPC_SERVICE_NAME>:<XPC_SERVICE_NAME><XPC_SERVICE_NAME>:1<XPC_SERVICE_NAME>
        GMT; Path=/
      Location:
      - https://<CAPSULECRM_ACCOUNT_NAME>.capsulecrm.com/api/party/67694442/tag/Membership
      Content-Length:
      - <XPC_SERVICE_NAME>
    body:
      encoding: US-ASCII
      string: ''
    http_version: 
  recorded_at: Wed, 17 Sep 2014 11:28:41 GMT
- request:
    method: put
    uri: https://<CAPSULECRM_API_TOKEN>:x@<CAPSULECRM_ACCOUNT_NAME>.capsulecrm.com/api/party/67694442/customfields
    body:
      encoding: US-ASCII
      string: ! "<?xml version=\"1.<XPC_SERVICE_NAME>\" enc<METRICS_API_USERNAME>ng=\"UTF-8\"?>\n<customFields>\n
        \ <customField>\n    <label>Level</label>\n    <text>partner</text>\n    <tag>Membership</tag>\n
        \   <date nil=\"true\"/>\n    <boolean type=\"boolean\">false</boolean>\n
        \ </customField>\n</customFields>\n"
    headers:
      Content-Type:
      - text/xml
  response:
    status:
      code: 200
      message: OK
    headers:
      Date:
      - Wed, 17 Sep 2<XPC_SERVICE_NAME>14 11:28:42 GMT
      Server:
      - Apache
      X-Frame-Options:
      - DENY
      Set-Cookie:
      - JSESSIONID=; Expires=Thu, <XPC_SERVICE_NAME>1-Jan-197<XPC_SERVICE_NAME> <XPC_SERVICE_NAME><XPC_SERVICE_NAME>:<XPC_SERVICE_NAME><XPC_SERVICE_NAME>:1<XPC_SERVICE_NAME>
        GMT; Path=/
      Content-Length:
      - '198'
      Content-Type:
      - ! '*/*;charset=UTF-8'
    body:
      encoding: US-ASCII
      string: <?xml version="1.<XPC_SERVICE_NAME>" enc<METRICS_API_USERNAME>ng="UTF-8"
        standalone="yes"?><customFields size="1"><customField><id>66778<XPC_SERVICE_NAME>32</id><tag>Membership</tag><label>Level</label><text>partner</text></customField></customFields>
    http_version: 
  recorded_at: Wed, 17 Sep 2014 11:28:41 GMT
- request:
    method: put
    uri: https://<CAPSULECRM_API_TOKEN>:x@<CAPSULECRM_ACCOUNT_NAME>.capsulecrm.com/api/party/67694442/customfields
    body:
      encoding: US-ASCII
      string: ! "<?xml version=\"1.<XPC_SERVICE_NAME>\" enc<METRICS_API_USERNAME>ng=\"UTF-8\"?>\n<customFields>\n
        \ <customField>\n    <label>Email</label>\n    <text>info@ocp.com</text>\n
        \   <tag>Membership</tag>\n    <date nil=\"true\"/>\n    <boolean type=\"boolean\">false</boolean>\n
        \ </customField>\n</customFields>\n"
    headers:
      Content-Type:
      - text/xml
  response:
    status:
      code: 200
      message: OK
    headers:
      Date:
      - Wed, 17 Sep 2<XPC_SERVICE_NAME>14 11:28:43 GMT
      Server:
      - Apache
      X-Frame-Options:
      - DENY
      Set-Cookie:
      - JSESSIONID=; Expires=Thu, <XPC_SERVICE_NAME>1-Jan-197<XPC_SERVICE_NAME> <XPC_SERVICE_NAME><XPC_SERVICE_NAME>:<XPC_SERVICE_NAME><XPC_SERVICE_NAME>:1<XPC_SERVICE_NAME>
        GMT; Path=/
      Content-Length:
      - 3<XPC_SERVICE_NAME>8
      Content-Type:
      - ! '*/*;charset=UTF-8'
    body:
      encoding: US-ASCII
      string: <?xml version="1.<XPC_SERVICE_NAME>" enc<METRICS_API_USERNAME>ng="UTF-8"
        standalone="yes"?><customFields size="2"><customField><id>66778<XPC_SERVICE_NAME>32</id><tag>Membership</tag><label>Level</label><text>partner</text></customField><customField><id>66778<XPC_SERVICE_NAME>33</id><tag>Membership</tag><label>Email</label><text>info@ocp.com</text></customField></customFields>
    http_version: 
  recorded_at: Wed, 17 Sep 2014 11:28:42 GMT
- request:
    method: put
    uri: https://<CAPSULECRM_API_TOKEN>:x@<CAPSULECRM_ACCOUNT_NAME>.capsulecrm.com/api/party/67694442/customfields
    body:
      encoding: US-ASCII
      string: ! "<?xml version=\"1.<XPC_SERVICE_NAME>\" enc<METRICS_API_USERNAME>ng=\"UTF-8\"?>\n<customFields>\n
        \ <customField>\n    <label>ID</label>\n    <text>AB1234YZ</text>\n    <tag>Membership</tag>\n
        \   <date nil=\"true\"/>\n    <boolean type=\"boolean\">false</boolean>\n
        \ </customField>\n</customFields>\n"
    headers:
      Content-Type:
      - text/xml
  response:
    status:
      code: 200
      message: OK
    headers:
      Date:
      - Wed, 17 Sep 2<XPC_SERVICE_NAME>14 11:28:44 GMT
      Server:
      - Apache
      X-Frame-Options:
      - DENY
      Set-Cookie:
      - JSESSIONID=; Expires=Thu, <XPC_SERVICE_NAME>1-Jan-197<XPC_SERVICE_NAME> <XPC_SERVICE_NAME><XPC_SERVICE_NAME>:<XPC_SERVICE_NAME><XPC_SERVICE_NAME>:1<XPC_SERVICE_NAME>
        GMT; Path=/
      Content-Length:
      - '411'
      Content-Type:
      - ! '*/*;charset=UTF-8'
    body:
      encoding: US-ASCII
      string: <?xml version="1.<XPC_SERVICE_NAME>" enc<METRICS_API_USERNAME>ng="UTF-8"
        standalone="yes"?><customFields size="3"><customField><id>66778<XPC_SERVICE_NAME>32</id><tag>Membership</tag><label>Level</label><text>partner</text></customField><customField><id>66778<XPC_SERVICE_NAME>33</id><tag>Membership</tag><label>Email</label><text>info@ocp.com</text></customField><customField><id>66778<XPC_SERVICE_NAME>34</id><tag>Membership</tag><label>ID</label><text>AB1234YZ</text></customField></customFields>
    http_version: 
  recorded_at: Wed, 17 Sep 2014 11:28:42 GMT
- request:
    method: put
    uri: https://<CAPSULECRM_API_TOKEN>:x@<CAPSULECRM_ACCOUNT_NAME>.capsulecrm.com/api/party/67694442/customfields
    body:
      encoding: US-ASCII
      string: ! "<?xml version=\"1.<XPC_SERVICE_NAME>\" enc<METRICS_API_USERNAME>ng=\"UTF-8\"?>\n<customFields>\n
        \ <customField>\n    <label>Newsletter</label>\n    <text>true</text>\n    <tag>Membership</tag>\n
        \   <date nil=\"true\"/>\n    <boolean type=\"boolean\">true</boolean>\n  </customField>\n</customFields>\n"
    headers:
      Content-Type:
      - text/xml
  response:
    status:
      code: 200
      message: OK
    headers:
      Date:
      - Wed, 17 Sep 2<XPC_SERVICE_NAME>14 11:28:44 GMT
      Server:
      - Apache
      X-Frame-Options:
      - DENY
      Set-Cookie:
      - JSESSIONID=; Expires=Thu, <XPC_SERVICE_NAME>1-Jan-197<XPC_SERVICE_NAME> <XPC_SERVICE_NAME><XPC_SERVICE_NAME>:<XPC_SERVICE_NAME><XPC_SERVICE_NAME>:1<XPC_SERVICE_NAME>
        GMT; Path=/
      Content-Length:
      - '524'
      Content-Type:
      - ! '*/*;charset=UTF-8'
    body:
      encoding: US-ASCII
      string: <?xml version="1.<XPC_SERVICE_NAME>" enc<METRICS_API_USERNAME>ng="UTF-8"
        standalone="yes"?><customFields size="4"><customField><id>66778<XPC_SERVICE_NAME>32</id><tag>Membership</tag><label>Level</label><text>partner</text></customField><customField><id>66778<XPC_SERVICE_NAME>33</id><tag>Membership</tag><label>Email</label><text>info@ocp.com</text></customField><customField><id>66778<XPC_SERVICE_NAME>34</id><tag>Membership</tag><label>ID</label><text>AB1234YZ</text></customField><customField><id>66778<XPC_SERVICE_NAME>35</id><tag>Membership</tag><label>Newsletter</label><boolean>true</boolean></customField></customFields>
    http_version: 
  recorded_at: Wed, 17 Sep 2014 11:28:43 GMT
- request:
    method: put
    uri: https://<CAPSULECRM_API_TOKEN>:x@<CAPSULECRM_ACCOUNT_NAME>.capsulecrm.com/api/party/67694442/customfields
    body:
      encoding: US-ASCII
      string: ! "<?xml version=\"1.<XPC_SERVICE_NAME>\" enc<METRICS_API_USERNAME>ng=\"UTF-8\"?>\n<customFields>\n
        \ <customField>\n    <label>Size</label>\n    <text>&gt;1<XPC_SERVICE_NAME><XPC_SERVICE_NAME><XPC_SERVICE_NAME></text>\n
        \   <tag>Membership</tag>\n    <date nil=\"true\"/>\n    <boolean type=\"boolean\">false</boolean>\n
        \ </customField>\n</customFields>\n"
    headers:
      Content-Type:
      - text/xml
  response:
    status:
      code: 200
      message: OK
    headers:
      Date:
      - Wed, 17 Sep 2<XPC_SERVICE_NAME>14 11:28:45 GMT
      Server:
      - Apache
      X-Frame-Options:
      - DENY
      Set-Cookie:
      - JSESSIONID=; Expires=Thu, <XPC_SERVICE_NAME>1-Jan-197<XPC_SERVICE_NAME> <XPC_SERVICE_NAME><XPC_SERVICE_NAME>:<XPC_SERVICE_NAME><XPC_SERVICE_NAME>:1<XPC_SERVICE_NAME>
        GMT; Path=/
      Content-Length:
      - '629'
      Content-Type:
      - ! '*/*;charset=UTF-8'
    body:
      encoding: US-ASCII
      string: <?xml version="1.<XPC_SERVICE_NAME>" enc<METRICS_API_USERNAME>ng="UTF-8"
        standalone="yes"?><customFields size="5"><customField><id>66778<XPC_SERVICE_NAME>32</id><tag>Membership</tag><label>Level</label><text>partner</text></customField><customField><id>66778<XPC_SERVICE_NAME>33</id><tag>Membership</tag><label>Email</label><text>info@ocp.com</text></customField><customField><id>66778<XPC_SERVICE_NAME>34</id><tag>Membership</tag><label>ID</label><text>AB1234YZ</text></customField><customField><id>66778<XPC_SERVICE_NAME>35</id><tag>Membership</tag><label>Newsletter</label><boolean>true</boolean></customField><customField><id>66778<XPC_SERVICE_NAME>36</id><tag>Membership</tag><label>Size</label><text>&gt;1<XPC_SERVICE_NAME><XPC_SERVICE_NAME><XPC_SERVICE_NAME></text></customField></customFields>
    http_version: 
  recorded_at: Wed, 17 Sep 2014 11:28:43 GMT
- request:
    method: put
    uri: https://<CAPSULECRM_API_TOKEN>:x@<CAPSULECRM_ACCOUNT_NAME>.capsulecrm.com/api/party/67694442/customfields
    body:
      encoding: US-ASCII
      string: ! "<?xml version=\"1.<XPC_SERVICE_NAME>\" enc<METRICS_API_USERNAME>ng=\"UTF-8\"?>\n<customFields>\n
        \ <customField>\n    <label>Sector</label>\n    <text>Energy</text>\n    <tag>Membership</tag>\n
        \   <date nil=\"true\"/>\n    <boolean type=\"boolean\">false</boolean>\n
        \ </customField>\n</customFields>\n"
    headers:
      Content-Type:
      - text/xml
  response:
    status:
      code: 200
      message: OK
    headers:
      Date:
      - Wed, 17 Sep 2<XPC_SERVICE_NAME>14 11:28:45 GMT
      Server:
      - Apache
      X-Frame-Options:
      - DENY
      Set-Cookie:
      - JSESSIONID=; Expires=Thu, <XPC_SERVICE_NAME>1-Jan-197<XPC_SERVICE_NAME> <XPC_SERVICE_NAME><XPC_SERVICE_NAME>:<XPC_SERVICE_NAME><XPC_SERVICE_NAME>:1<XPC_SERVICE_NAME>
        GMT; Path=/
      Content-Length:
      - '734'
      Content-Type:
      - ! '*/*;charset=UTF-8'
    body:
      encoding: US-ASCII
      string: <?xml version="1.<XPC_SERVICE_NAME>" enc<METRICS_API_USERNAME>ng="UTF-8"
        standalone="yes"?><customFields size="6"><customField><id>66778<XPC_SERVICE_NAME>32</id><tag>Membership</tag><label>Level</label><text>partner</text></customField><customField><id>66778<XPC_SERVICE_NAME>33</id><tag>Membership</tag><label>Email</label><text>info@ocp.com</text></customField><customField><id>66778<XPC_SERVICE_NAME>34</id><tag>Membership</tag><label>ID</label><text>AB1234YZ</text></customField><customField><id>66778<XPC_SERVICE_NAME>35</id><tag>Membership</tag><label>Newsletter</label><boolean>true</boolean></customField><customField><id>66778<XPC_SERVICE_NAME>36</id><tag>Membership</tag><label>Size</label><text>&gt;1<XPC_SERVICE_NAME><XPC_SERVICE_NAME><XPC_SERVICE_NAME></text></customField><customField><id>66778<XPC_SERVICE_NAME>37</id><tag>Membership</tag><label>Sector</label><text>Energy</text></customField></customFields>
    http_version: 
  recorded_at: Wed, 17 Sep 2014 11:28:44 GMT
- request:
    method: post
    uri: https://<CAPSULECRM_API_TOKEN>:x@<CAPSULECRM_ACCOUNT_NAME>.capsulecrm.com/api/party/67694442/tag/DirectoryEntry
    body:
      encoding: US-ASCII
      string: ! "<?xml version=\"1.<XPC_SERVICE_NAME>\" enc<METRICS_API_USERNAME>ng=\"UTF-8\"?>\n<tags>\n
        \ <tag>\n    <name>DirectoryEntry</name>\n  </tag>\n</tags>\n"
    headers:
      Content-Type:
      - text/xml
  response:
    status:
      code: 201
      message: Created
    headers:
      Date:
      - Wed, 17 Sep 2<XPC_SERVICE_NAME>14 11:28:46 GMT
      Server:
      - Apache
      X-Frame-Options:
      - DENY
      Set-Cookie:
      - JSESSIONID=; Expires=Thu, <XPC_SERVICE_NAME>1-Jan-197<XPC_SERVICE_NAME> <XPC_SERVICE_NAME><XPC_SERVICE_NAME>:<XPC_SERVICE_NAME><XPC_SERVICE_NAME>:1<XPC_SERVICE_NAME>
        GMT; Path=/
      Location:
      - https://<CAPSULECRM_ACCOUNT_NAME>.capsulecrm.com/api/party/67694442/tag/DirectoryEntry
      Content-Length:
      - <XPC_SERVICE_NAME>
    body:
      encoding: US-ASCII
      string: ''
    http_version: 
  recorded_at: Wed, 17 Sep 2014 11:28:44 GMT
- request:
    method: put
    uri: https://<CAPSULECRM_API_TOKEN>:x@<CAPSULECRM_ACCOUNT_NAME>.capsulecrm.com/api/party/67694442/customfields
    body:
      encoding: US-ASCII
      string: ! "<?xml version=\"1.<XPC_SERVICE_NAME>\" enc<METRICS_API_USERNAME>ng=\"UTF-8\"?>\n<customFields>\n
        \ <customField>\n    <label>Description</label>\n    <text>2<XPC_SERVICE_NAME>
        seconds to comply</text>\n    <tag>DirectoryEntry</tag>\n    <date nil=\"true\"/>\n
        \   <boolean type=\"boolean\">false</boolean>\n  </customField>\n</customFields>\n"
    headers:
      Content-Type:
      - text/xml
  response:
    status:
      code: 200
      message: OK
    headers:
      Date:
      - Wed, 17 Sep 2<XPC_SERVICE_NAME>14 11:28:46 GMT
      Server:
      - Apache
      X-Frame-Options:
      - DENY
      Set-Cookie:
      - JSESSIONID=; Expires=Thu, <XPC_SERVICE_NAME>1-Jan-197<XPC_SERVICE_NAME> <XPC_SERVICE_NAME><XPC_SERVICE_NAME>:<XPC_SERVICE_NAME><XPC_SERVICE_NAME>:1<XPC_SERVICE_NAME>
        GMT; Path=/
      Content-Length:
      - '862'
      Content-Type:
      - ! '*/*;charset=UTF-8'
    body:
      encoding: US-ASCII
      string: <?xml version="1.<XPC_SERVICE_NAME>" enc<METRICS_API_USERNAME>ng="UTF-8"
        standalone="yes"?><customFields size="7"><customField><id>66778<XPC_SERVICE_NAME>32</id><tag>Membership</tag><label>Level</label><text>partner</text></customField><customField><id>66778<XPC_SERVICE_NAME>33</id><tag>Membership</tag><label>Email</label><text>info@ocp.com</text></customField><customField><id>66778<XPC_SERVICE_NAME>34</id><tag>Membership</tag><label>ID</label><text>AB1234YZ</text></customField><customField><id>66778<XPC_SERVICE_NAME>35</id><tag>Membership</tag><label>Newsletter</label><boolean>true</boolean></customField><customField><id>66778<XPC_SERVICE_NAME>36</id><tag>Membership</tag><label>Size</label><text>&gt;1<XPC_SERVICE_NAME><XPC_SERVICE_NAME><XPC_SERVICE_NAME></text></customField><customField><id>66778<XPC_SERVICE_NAME>37</id><tag>Membership</tag><label>Sector</label><text>Energy</text></customField><customField><id>66778<XPC_SERVICE_NAME>38</id><tag>DirectoryEntry</tag><label>Description</label><text>2<XPC_SERVICE_NAME>
        seconds to comply</text></customField></customFields>
    http_version: 
  recorded_at: Wed, 17 Sep 2014 11:28:45 GMT
- request:
    method: put
    uri: https://<CAPSULECRM_API_TOKEN>:x@<CAPSULECRM_ACCOUNT_NAME>.capsulecrm.com/api/party/67694442/customfields
    body:
      encoding: US-ASCII
      string: ! "<?xml version=\"1.<XPC_SERVICE_NAME>\" enc<METRICS_API_USERNAME>ng=\"UTF-8\"?>\n<customFields>\n
        \ <customField>\n    <label>Homepage</label>\n    <text>http://ocp.com</text>\n
        \   <tag>DirectoryEntry</tag>\n    <date nil=\"true\"/>\n    <boolean type=\"boolean\">false</boolean>\n
        \ </customField>\n</customFields>\n"
    headers:
      Content-Type:
      - text/xml
  response:
    status:
      code: 200
      message: OK
    headers:
      Date:
      - Wed, 17 Sep 2<XPC_SERVICE_NAME>14 11:28:47 GMT
      Server:
      - Apache
      X-Frame-Options:
      - DENY
      Set-Cookie:
      - JSESSIONID=; Expires=Thu, <XPC_SERVICE_NAME>1-Jan-197<XPC_SERVICE_NAME> <XPC_SERVICE_NAME><XPC_SERVICE_NAME>:<XPC_SERVICE_NAME><XPC_SERVICE_NAME>:1<XPC_SERVICE_NAME>
        GMT; Path=/
      Content-Length:
      - '981'
      Content-Type:
      - ! '*/*;charset=UTF-8'
    body:
      encoding: US-ASCII
      string: <?xml version="1.<XPC_SERVICE_NAME>" enc<METRICS_API_USERNAME>ng="UTF-8"
        standalone="yes"?><customFields size="8"><customField><id>66778<XPC_SERVICE_NAME>32</id><tag>Membership</tag><label>Level</label><text>partner</text></customField><customField><id>66778<XPC_SERVICE_NAME>33</id><tag>Membership</tag><label>Email</label><text>info@ocp.com</text></customField><customField><id>66778<XPC_SERVICE_NAME>34</id><tag>Membership</tag><label>ID</label><text>AB1234YZ</text></customField><customField><id>66778<XPC_SERVICE_NAME>35</id><tag>Membership</tag><label>Newsletter</label><boolean>true</boolean></customField><customField><id>66778<XPC_SERVICE_NAME>36</id><tag>Membership</tag><label>Size</label><text>&gt;1<XPC_SERVICE_NAME><XPC_SERVICE_NAME><XPC_SERVICE_NAME></text></customField><customField><id>66778<XPC_SERVICE_NAME>37</id><tag>Membership</tag><label>Sector</label><text>Energy</text></customField><customField><id>66778<XPC_SERVICE_NAME>38</id><tag>DirectoryEntry</tag><label>Description</label><text>2<XPC_SERVICE_NAME>
        seconds to comply</text></customField><customField><id>66778<XPC_SERVICE_NAME>39</id><tag>DirectoryEntry</tag><label>Homepage</label><text>http://ocp.com</text></customField></customFields>
    http_version: 
  recorded_at: Wed, 17 Sep 2014 11:28:45 GMT
- request:
    method: put
    uri: https://<CAPSULECRM_API_TOKEN>:x@<CAPSULECRM_ACCOUNT_NAME>.capsulecrm.com/api/party/67694442/customfields
    body:
      encoding: US-ASCII
      string: ! "<?xml version=\"1.<XPC_SERVICE_NAME>\" enc<METRICS_API_USERNAME>ng=\"UTF-8\"?>\n<customFields>\n
        \ <customField>\n    <label>Active</label>\n    <text>true</text>\n    <tag>DirectoryEntry</tag>\n
        \   <date nil=\"true\"/>\n    <boolean type=\"boolean\">true</boolean>\n  </customField>\n</customFields>\n"
    headers:
      Content-Type:
      - text/xml
  response:
    status:
      code: 200
      message: OK
    headers:
      Date:
      - Wed, 17 Sep 2<XPC_SERVICE_NAME>14 11:28:47 GMT
      Server:
      - Apache
      X-Frame-Options:
      - DENY
      Set-Cookie:
      - JSESSIONID=; Expires=Thu, <XPC_SERVICE_NAME>1-Jan-197<XPC_SERVICE_NAME> <XPC_SERVICE_NAME><XPC_SERVICE_NAME>:<XPC_SERVICE_NAME><XPC_SERVICE_NAME>:1<XPC_SERVICE_NAME>
        GMT; Path=/
      Content-Length:
      - 1<XPC_SERVICE_NAME>94
      Content-Type:
      - ! '*/*;charset=UTF-8'
    body:
      encoding: US-ASCII
      string: <?xml version="1.<XPC_SERVICE_NAME>" enc<METRICS_API_USERNAME>ng="UTF-8"
        standalone="yes"?><customFields size="9"><customField><id>66778<XPC_SERVICE_NAME>32</id><tag>Membership</tag><label>Level</label><text>partner</text></customField><customField><id>66778<XPC_SERVICE_NAME>33</id><tag>Membership</tag><label>Email</label><text>info@ocp.com</text></customField><customField><id>66778<XPC_SERVICE_NAME>34</id><tag>Membership</tag><label>ID</label><text>AB1234YZ</text></customField><customField><id>66778<XPC_SERVICE_NAME>35</id><tag>Membership</tag><label>Newsletter</label><boolean>true</boolean></customField><customField><id>66778<XPC_SERVICE_NAME>36</id><tag>Membership</tag><label>Size</label><text>&gt;1<XPC_SERVICE_NAME><XPC_SERVICE_NAME><XPC_SERVICE_NAME></text></customField><customField><id>66778<XPC_SERVICE_NAME>37</id><tag>Membership</tag><label>Sector</label><text>Energy</text></customField><customField><id>66778<XPC_SERVICE_NAME>38</id><tag>DirectoryEntry</tag><label>Description</label><text>2<XPC_SERVICE_NAME>
        seconds to comply</text></customField><customField><id>66778<XPC_SERVICE_NAME>39</id><tag>DirectoryEntry</tag><label>Homepage</label><text>http://ocp.com</text></customField><customField><id>66778<XPC_SERVICE_NAME>4<XPC_SERVICE_NAME></id><tag>DirectoryEntry</tag><label>Active</label><boolean>true</boolean></customField></customFields>
    http_version: 
  recorded_at: Wed, 17 Sep 2014 11:28:46 GMT
- request:
    method: put
    uri: https://<CAPSULECRM_API_TOKEN>:x@<CAPSULECRM_ACCOUNT_NAME>.capsulecrm.com/api/party/67694442/customfields
    body:
      encoding: US-ASCII
      string: ! "<?xml version=\"1.<XPC_SERVICE_NAME>\" enc<METRICS_API_USERNAME>ng=\"UTF-8\"?>\n<customFields>\n
        \ <customField>\n    <label>Contact</label>\n    <text>Dick Jones</text>\n
        \   <tag>DirectoryEntry</tag>\n    <date nil=\"true\"/>\n    <boolean type=\"boolean\">false</boolean>\n
        \ </customField>\n</customFields>\n"
    headers:
      Content-Type:
      - text/xml
  response:
    status:
      code: 200
      message: OK
    headers:
      Date:
      - Wed, 17 Sep 2<XPC_SERVICE_NAME>14 11:28:48 GMT
      Server:
      - Apache
      X-Frame-Options:
      - DENY
      Set-Cookie:
      - JSESSIONID=; Expires=Thu, <XPC_SERVICE_NAME>1-Jan-197<XPC_SERVICE_NAME> <XPC_SERVICE_NAME><XPC_SERVICE_NAME>:<XPC_SERVICE_NAME><XPC_SERVICE_NAME>:1<XPC_SERVICE_NAME>
        GMT; Path=/
      Content-Length:
      - 12<XPC_SERVICE_NAME>9
      Content-Type:
      - ! '*/*;charset=UTF-8'
    body:
      encoding: US-ASCII
      string: <?xml version="1.<XPC_SERVICE_NAME>" enc<METRICS_API_USERNAME>ng="UTF-8"
        standalone="yes"?><customFields size="1<XPC_SERVICE_NAME>"><customField><id>66778<XPC_SERVICE_NAME>32</id><tag>Membership</tag><label>Level</label><text>partner</text></customField><customField><id>66778<XPC_SERVICE_NAME>33</id><tag>Membership</tag><label>Email</label><text>info@ocp.com</text></customField><customField><id>66778<XPC_SERVICE_NAME>34</id><tag>Membership</tag><label>ID</label><text>AB1234YZ</text></customField><customField><id>66778<XPC_SERVICE_NAME>35</id><tag>Membership</tag><label>Newsletter</label><boolean>true</boolean></customField><customField><id>66778<XPC_SERVICE_NAME>36</id><tag>Membership</tag><label>Size</label><text>&gt;1<XPC_SERVICE_NAME><XPC_SERVICE_NAME><XPC_SERVICE_NAME></text></customField><customField><id>66778<XPC_SERVICE_NAME>37</id><tag>Membership</tag><label>Sector</label><text>Energy</text></customField><customField><id>66778<XPC_SERVICE_NAME>38</id><tag>DirectoryEntry</tag><label>Description</label><text>2<XPC_SERVICE_NAME>
        seconds to comply</text></customField><customField><id>66778<XPC_SERVICE_NAME>39</id><tag>DirectoryEntry</tag><label>Homepage</label><text>http://ocp.com</text></customField><customField><id>66778<XPC_SERVICE_NAME>4<XPC_SERVICE_NAME></id><tag>DirectoryEntry</tag><label>Active</label><boolean>true</boolean></customField><customField><id>66778<XPC_SERVICE_NAME>41</id><tag>DirectoryEntry</tag><label>Contact</label><text>Dick
        Jones</text></customField></customFields>
    http_version: 
  recorded_at: Wed, 17 Sep 2014 11:28:46 GMT
- request:
    method: put
    uri: https://<CAPSULECRM_API_TOKEN>:x@<CAPSULECRM_ACCOUNT_NAME>.capsulecrm.com/api/party/67694442/customfields
    body:
      encoding: US-ASCII
      string: ! "<?xml version=\"1.<XPC_SERVICE_NAME>\" enc<METRICS_API_USERNAME>ng=\"UTF-8\"?>\n<customFields>\n
        \ <customField>\n    <label>Email</label>\n    <text>jones@ocp.com</text>\n
        \   <tag>DirectoryEntry</tag>\n    <date nil=\"true\"/>\n    <boolean type=\"boolean\">false</boolean>\n
        \ </customField>\n</customFields>\n"
    headers:
      Content-Type:
      - text/xml
  response:
    status:
      code: 200
      message: OK
    headers:
      Date:
      - Wed, 17 Sep 2<XPC_SERVICE_NAME>14 11:28:48 GMT
      Server:
      - Apache
      X-Frame-Options:
      - DENY
      Set-Cookie:
      - JSESSIONID=; Expires=Thu, <XPC_SERVICE_NAME>1-Jan-197<XPC_SERVICE_NAME> <XPC_SERVICE_NAME><XPC_SERVICE_NAME>:<XPC_SERVICE_NAME><XPC_SERVICE_NAME>:1<XPC_SERVICE_NAME>
        GMT; Path=/
      Content-Length:
      - '1324'
      Content-Type:
      - ! '*/*;charset=UTF-8'
    body:
      encoding: US-ASCII
      string: <?xml version="1.<XPC_SERVICE_NAME>" enc<METRICS_API_USERNAME>ng="UTF-8"
        standalone="yes"?><customFields size="11"><customField><id>66778<XPC_SERVICE_NAME>32</id><tag>Membership</tag><label>Level</label><text>partner</text></customField><customField><id>66778<XPC_SERVICE_NAME>33</id><tag>Membership</tag><label>Email</label><text>info@ocp.com</text></customField><customField><id>66778<XPC_SERVICE_NAME>34</id><tag>Membership</tag><label>ID</label><text>AB1234YZ</text></customField><customField><id>66778<XPC_SERVICE_NAME>35</id><tag>Membership</tag><label>Newsletter</label><boolean>true</boolean></customField><customField><id>66778<XPC_SERVICE_NAME>36</id><tag>Membership</tag><label>Size</label><text>&gt;1<XPC_SERVICE_NAME><XPC_SERVICE_NAME><XPC_SERVICE_NAME></text></customField><customField><id>66778<XPC_SERVICE_NAME>37</id><tag>Membership</tag><label>Sector</label><text>Energy</text></customField><customField><id>66778<XPC_SERVICE_NAME>38</id><tag>DirectoryEntry</tag><label>Description</label><text>2<XPC_SERVICE_NAME>
        seconds to comply</text></customField><customField><id>66778<XPC_SERVICE_NAME>39</id><tag>DirectoryEntry</tag><label>Homepage</label><text>http://ocp.com</text></customField><customField><id>66778<XPC_SERVICE_NAME>4<XPC_SERVICE_NAME></id><tag>DirectoryEntry</tag><label>Active</label><boolean>true</boolean></customField><customField><id>66778<XPC_SERVICE_NAME>41</id><tag>DirectoryEntry</tag><label>Contact</label><text>Dick
        Jones</text></customField><customField><id>66778<XPC_SERVICE_NAME>42</id><tag>DirectoryEntry</tag><label>Email</label><text>jones@ocp.com</text></customField></customFields>
    http_version: 
  recorded_at: Wed, 17 Sep 2014 11:28:47 GMT
- request:
    method: put
    uri: https://<CAPSULECRM_API_TOKEN>:x@<CAPSULECRM_ACCOUNT_NAME>.capsulecrm.com/api/party/67694442/customfields
    body:
      encoding: US-ASCII
      string: ! "<?xml version=\"1.<XPC_SERVICE_NAME>\" enc<METRICS_API_USERNAME>ng=\"UTF-8\"?>\n<customFields>\n
        \ <customField>\n    <label>Phone</label>\n    <text>+44 1111 222222</text>\n
        \   <tag>DirectoryEntry</tag>\n    <date nil=\"true\"/>\n    <boolean type=\"boolean\">false</boolean>\n
        \ </customField>\n</customFields>\n"
    headers:
      Content-Type:
      - text/xml
  response:
    status:
      code: 200
      message: OK
    headers:
      Date:
      - Wed, 17 Sep 2<XPC_SERVICE_NAME>14 11:28:49 GMT
      Server:
      - Apache
      X-Frame-Options:
      - DENY
      Set-Cookie:
      - JSESSIONID=; Expires=Thu, <XPC_SERVICE_NAME>1-Jan-197<XPC_SERVICE_NAME> <XPC_SERVICE_NAME><XPC_SERVICE_NAME>:<XPC_SERVICE_NAME><XPC_SERVICE_NAME>:1<XPC_SERVICE_NAME>
        GMT; Path=/
      Content-Length:
      - '1441'
      Content-Type:
      - ! '*/*;charset=UTF-8'
    body:
      encoding: US-ASCII
      string: <?xml version="1.<XPC_SERVICE_NAME>" enc<METRICS_API_USERNAME>ng="UTF-8"
        standalone="yes"?><customFields size="12"><customField><id>66778<XPC_SERVICE_NAME>32</id><tag>Membership</tag><label>Level</label><text>partner</text></customField><customField><id>66778<XPC_SERVICE_NAME>33</id><tag>Membership</tag><label>Email</label><text>info@ocp.com</text></customField><customField><id>66778<XPC_SERVICE_NAME>34</id><tag>Membership</tag><label>ID</label><text>AB1234YZ</text></customField><customField><id>66778<XPC_SERVICE_NAME>35</id><tag>Membership</tag><label>Newsletter</label><boolean>true</boolean></customField><customField><id>66778<XPC_SERVICE_NAME>36</id><tag>Membership</tag><label>Size</label><text>&gt;1<XPC_SERVICE_NAME><XPC_SERVICE_NAME><XPC_SERVICE_NAME></text></customField><customField><id>66778<XPC_SERVICE_NAME>37</id><tag>Membership</tag><label>Sector</label><text>Energy</text></customField><customField><id>66778<XPC_SERVICE_NAME>38</id><tag>DirectoryEntry</tag><label>Description</label><text>2<XPC_SERVICE_NAME>
        seconds to comply</text></customField><customField><id>66778<XPC_SERVICE_NAME>39</id><tag>DirectoryEntry</tag><label>Homepage</label><text>http://ocp.com</text></customField><customField><id>66778<XPC_SERVICE_NAME>4<XPC_SERVICE_NAME></id><tag>DirectoryEntry</tag><label>Active</label><boolean>true</boolean></customField><customField><id>66778<XPC_SERVICE_NAME>41</id><tag>DirectoryEntry</tag><label>Contact</label><text>Dick
        Jones</text></customField><customField><id>66778<XPC_SERVICE_NAME>42</id><tag>DirectoryEntry</tag><label>Email</label><text>jones@ocp.com</text></customField><customField><id>66778<XPC_SERVICE_NAME>43</id><tag>DirectoryEntry</tag><label>Phone</label><text>+44
        1111 222222</text></customField></customFields>
    http_version: 
  recorded_at: Wed, 17 Sep 2014 11:28:47 GMT
- request:
    method: put
    uri: https://<CAPSULECRM_API_TOKEN>:x@<CAPSULECRM_ACCOUNT_NAME>.capsulecrm.com/api/party/67694442/customfields
    body:
      encoding: US-ASCII
      string: ! "<?xml version=\"1.<XPC_SERVICE_NAME>\" enc<METRICS_API_USERNAME>ng=\"UTF-8\"?>\n<customFields>\n
        \ <customField>\n    <label>Twitter</label>\n    <text>ocp</text>\n    <tag>DirectoryEntry</tag>\n
        \   <date nil=\"true\"/>\n    <boolean type=\"boolean\">false</boolean>\n
        \ </customField>\n</customFields>\n"
    headers:
      Content-Type:
      - text/xml
  response:
    status:
      code: 200
      message: OK
    headers:
      Date:
      - Wed, 17 Sep 2<XPC_SERVICE_NAME>14 11:28:49 GMT
      Server:
      - Apache
      X-Frame-Options:
      - DENY
      Set-Cookie:
      - JSESSIONID=; Expires=Thu, <XPC_SERVICE_NAME>1-Jan-197<XPC_SERVICE_NAME> <XPC_SERVICE_NAME><XPC_SERVICE_NAME>:<XPC_SERVICE_NAME><XPC_SERVICE_NAME>:1<XPC_SERVICE_NAME>
        GMT; Path=/
      Content-Length:
      - '1548'
      Content-Type:
      - ! '*/*;charset=UTF-8'
    body:
      encoding: US-ASCII
      string: <?xml version="1.<XPC_SERVICE_NAME>" enc<METRICS_API_USERNAME>ng="UTF-8"
        standalone="yes"?><customFields size="13"><customField><id>66778<XPC_SERVICE_NAME>32</id><tag>Membership</tag><label>Level</label><text>partner</text></customField><customField><id>66778<XPC_SERVICE_NAME>33</id><tag>Membership</tag><label>Email</label><text>info@ocp.com</text></customField><customField><id>66778<XPC_SERVICE_NAME>34</id><tag>Membership</tag><label>ID</label><text>AB1234YZ</text></customField><customField><id>66778<XPC_SERVICE_NAME>35</id><tag>Membership</tag><label>Newsletter</label><boolean>true</boolean></customField><customField><id>66778<XPC_SERVICE_NAME>36</id><tag>Membership</tag><label>Size</label><text>&gt;1<XPC_SERVICE_NAME><XPC_SERVICE_NAME><XPC_SERVICE_NAME></text></customField><customField><id>66778<XPC_SERVICE_NAME>37</id><tag>Membership</tag><label>Sector</label><text>Energy</text></customField><customField><id>66778<XPC_SERVICE_NAME>38</id><tag>DirectoryEntry</tag><label>Description</label><text>2<XPC_SERVICE_NAME>
        seconds to comply</text></customField><customField><id>66778<XPC_SERVICE_NAME>39</id><tag>DirectoryEntry</tag><label>Homepage</label><text>http://ocp.com</text></customField><customField><id>66778<XPC_SERVICE_NAME>4<XPC_SERVICE_NAME></id><tag>DirectoryEntry</tag><label>Active</label><boolean>true</boolean></customField><customField><id>66778<XPC_SERVICE_NAME>41</id><tag>DirectoryEntry</tag><label>Contact</label><text>Dick
        Jones</text></customField><customField><id>66778<XPC_SERVICE_NAME>42</id><tag>DirectoryEntry</tag><label>Email</label><text>jones@ocp.com</text></customField><customField><id>66778<XPC_SERVICE_NAME>43</id><tag>DirectoryEntry</tag><label>Phone</label><text>+44
        1111 222222</text></customField><customField><id>66778<XPC_SERVICE_NAME>44</id><tag>DirectoryEntry</tag><label>Twitter</label><text>ocp</text></customField></customFields>
    http_version: 
  recorded_at: Wed, 17 Sep 2014 11:28:48 GMT
- request:
    method: put
    uri: https://<CAPSULECRM_API_TOKEN>:x@<CAPSULECRM_ACCOUNT_NAME>.capsulecrm.com/api/party/67694442/customfields
    body:
      encoding: US-ASCII
      string: ! "<?xml version=\"1.<XPC_SERVICE_NAME>\" enc<METRICS_API_USERNAME>ng=\"UTF-8\"?>\n<customFields>\n
        \ <customField>\n    <label>Linkedin</label>\n    <text>http://linkedin.com/company/ocp</text>\n
        \   <tag>DirectoryEntry</tag>\n    <date nil=\"true\"/>\n    <boolean type=\"boolean\">false</boolean>\n
        \ </customField>\n</customFields>\n"
    headers:
      Content-Type:
      - text/xml
  response:
    status:
      code: 200
      message: OK
    headers:
      Date:
      - Wed, 17 Sep 2<XPC_SERVICE_NAME>14 11:28:5<XPC_SERVICE_NAME> GMT
      Server:
      - Apache
      X-Frame-Options:
      - DENY
      Set-Cookie:
      - JSESSIONID=; Expires=Thu, <XPC_SERVICE_NAME>1-Jan-197<XPC_SERVICE_NAME> <XPC_SERVICE_NAME><XPC_SERVICE_NAME>:<XPC_SERVICE_NAME><XPC_SERVICE_NAME>:1<XPC_SERVICE_NAME>
        GMT; Path=/
      Content-Length:
      - '1684'
      Content-Type:
      - ! '*/*;charset=UTF-8'
    body:
      encoding: US-ASCII
      string: <?xml version="1.<XPC_SERVICE_NAME>" enc<METRICS_API_USERNAME>ng="UTF-8"
        standalone="yes"?><customFields size="14"><customField><id>66778<XPC_SERVICE_NAME>32</id><tag>Membership</tag><label>Level</label><text>partner</text></customField><customField><id>66778<XPC_SERVICE_NAME>33</id><tag>Membership</tag><label>Email</label><text>info@ocp.com</text></customField><customField><id>66778<XPC_SERVICE_NAME>34</id><tag>Membership</tag><label>ID</label><text>AB1234YZ</text></customField><customField><id>66778<XPC_SERVICE_NAME>35</id><tag>Membership</tag><label>Newsletter</label><boolean>true</boolean></customField><customField><id>66778<XPC_SERVICE_NAME>36</id><tag>Membership</tag><label>Size</label><text>&gt;1<XPC_SERVICE_NAME><XPC_SERVICE_NAME><XPC_SERVICE_NAME></text></customField><customField><id>66778<XPC_SERVICE_NAME>37</id><tag>Membership</tag><label>Sector</label><text>Energy</text></customField><customField><id>66778<XPC_SERVICE_NAME>38</id><tag>DirectoryEntry</tag><label>Description</label><text>2<XPC_SERVICE_NAME>
        seconds to comply</text></customField><customField><id>66778<XPC_SERVICE_NAME>39</id><tag>DirectoryEntry</tag><label>Homepage</label><text>http://ocp.com</text></customField><customField><id>66778<XPC_SERVICE_NAME>4<XPC_SERVICE_NAME></id><tag>DirectoryEntry</tag><label>Active</label><boolean>true</boolean></customField><customField><id>66778<XPC_SERVICE_NAME>41</id><tag>DirectoryEntry</tag><label>Contact</label><text>Dick
        Jones</text></customField><customField><id>66778<XPC_SERVICE_NAME>42</id><tag>DirectoryEntry</tag><label>Email</label><text>jones@ocp.com</text></customField><customField><id>66778<XPC_SERVICE_NAME>43</id><tag>DirectoryEntry</tag><label>Phone</label><text>+44
        1111 222222</text></customField><customField><id>66778<XPC_SERVICE_NAME>44</id><tag>DirectoryEntry</tag><label>Twitter</label><text>ocp</text></customField><customField><id>66778<XPC_SERVICE_NAME>45</id><tag>DirectoryEntry</tag><label>Linkedin</label><text>http://linkedin.com/company/ocp</text></customField></customFields>
    http_version: 
  recorded_at: Wed, 17 Sep 2014 11:28:48 GMT
- request:
    method: put
    uri: https://<CAPSULECRM_API_TOKEN>:x@<CAPSULECRM_ACCOUNT_NAME>.capsulecrm.com/api/party/67694442/customfields
    body:
      encoding: US-ASCII
      string: ! "<?xml version=\"1.<XPC_SERVICE_NAME>\" enc<METRICS_API_USERNAME>ng=\"UTF-8\"?>\n<customFields>\n
        \ <customField>\n    <label>Facebook</label>\n    <text>http://facebook.com/pages/ocp</text>\n
        \   <tag>DirectoryEntry</tag>\n    <date nil=\"true\"/>\n    <boolean type=\"boolean\">false</boolean>\n
        \ </customField>\n</customFields>\n"
    headers:
      Content-Type:
      - text/xml
  response:
    status:
      code: 200
      message: OK
    headers:
      Date:
      - Wed, 17 Sep 2<XPC_SERVICE_NAME>14 11:28:5<XPC_SERVICE_NAME> GMT
      Server:
      - Apache
      X-Frame-Options:
      - DENY
      Set-Cookie:
      - JSESSIONID=; Expires=Thu, <XPC_SERVICE_NAME>1-Jan-197<XPC_SERVICE_NAME> <XPC_SERVICE_NAME><XPC_SERVICE_NAME>:<XPC_SERVICE_NAME><XPC_SERVICE_NAME>:1<XPC_SERVICE_NAME>
        GMT; Path=/
      Content-Length:
      - '1818'
      Content-Type:
      - ! '*/*;charset=UTF-8'
    body:
      encoding: US-ASCII
      string: <?xml version="1.<XPC_SERVICE_NAME>" enc<METRICS_API_USERNAME>ng="UTF-8"
        standalone="yes"?><customFields size="15"><customField><id>66778<XPC_SERVICE_NAME>32</id><tag>Membership</tag><label>Level</label><text>partner</text></customField><customField><id>66778<XPC_SERVICE_NAME>33</id><tag>Membership</tag><label>Email</label><text>info@ocp.com</text></customField><customField><id>66778<XPC_SERVICE_NAME>34</id><tag>Membership</tag><label>ID</label><text>AB1234YZ</text></customField><customField><id>66778<XPC_SERVICE_NAME>35</id><tag>Membership</tag><label>Newsletter</label><boolean>true</boolean></customField><customField><id>66778<XPC_SERVICE_NAME>36</id><tag>Membership</tag><label>Size</label><text>&gt;1<XPC_SERVICE_NAME><XPC_SERVICE_NAME><XPC_SERVICE_NAME></text></customField><customField><id>66778<XPC_SERVICE_NAME>37</id><tag>Membership</tag><label>Sector</label><text>Energy</text></customField><customField><id>66778<XPC_SERVICE_NAME>38</id><tag>DirectoryEntry</tag><label>Description</label><text>2<XPC_SERVICE_NAME>
        seconds to comply</text></customField><customField><id>66778<XPC_SERVICE_NAME>39</id><tag>DirectoryEntry</tag><label>Homepage</label><text>http://ocp.com</text></customField><customField><id>66778<XPC_SERVICE_NAME>4<XPC_SERVICE_NAME></id><tag>DirectoryEntry</tag><label>Active</label><boolean>true</boolean></customField><customField><id>66778<XPC_SERVICE_NAME>41</id><tag>DirectoryEntry</tag><label>Contact</label><text>Dick
        Jones</text></customField><customField><id>66778<XPC_SERVICE_NAME>42</id><tag>DirectoryEntry</tag><label>Email</label><text>jones@ocp.com</text></customField><customField><id>66778<XPC_SERVICE_NAME>43</id><tag>DirectoryEntry</tag><label>Phone</label><text>+44
        1111 222222</text></customField><customField><id>66778<XPC_SERVICE_NAME>44</id><tag>DirectoryEntry</tag><label>Twitter</label><text>ocp</text></customField><customField><id>66778<XPC_SERVICE_NAME>45</id><tag>DirectoryEntry</tag><label>Linkedin</label><text>http://linkedin.com/company/ocp</text></customField><customField><id>66778<XPC_SERVICE_NAME>46</id><tag>DirectoryEntry</tag><label>Facebook</label><text>http://facebook.com/pages/ocp</text></customField></customFields>
    http_version: 
  recorded_at: Wed, 17 Sep 2014 11:28:49 GMT
- request:
    method: put
    uri: https://<CAPSULECRM_API_TOKEN>:x@<CAPSULECRM_ACCOUNT_NAME>.capsulecrm.com/api/party/67694442/customfields
    body:
      encoding: US-ASCII
      string: ! "<?xml version=\"1.<XPC_SERVICE_NAME>\" enc<METRICS_API_USERNAME>ng=\"UTF-8\"?>\n<customFields>\n
        \ <customField>\n    <label>Tagline</label>\n    <text>empowering solutions</text>\n
        \   <tag>DirectoryEntry</tag>\n    <date nil=\"true\"/>\n    <boolean type=\"boolean\">false</boolean>\n
        \ </customField>\n</customFields>\n"
    headers:
      Content-Type:
      - text/xml
  response:
    status:
      code: 200
      message: OK
    headers:
      Date:
      - Wed, 17 Sep 2<XPC_SERVICE_NAME>14 11:28:51 GMT
      Server:
      - Apache
      X-Frame-Options:
      - DENY
      Set-Cookie:
      - JSESSIONID=; Expires=Thu, <XPC_SERVICE_NAME>1-Jan-197<XPC_SERVICE_NAME> <XPC_SERVICE_NAME><XPC_SERVICE_NAME>:<XPC_SERVICE_NAME><XPC_SERVICE_NAME>:1<XPC_SERVICE_NAME>
        GMT; Path=/
      Content-Length:
      - '1942'
      Content-Type:
      - ! '*/*;charset=UTF-8'
    body:
      encoding: US-ASCII
      string: <?xml version="1.<XPC_SERVICE_NAME>" enc<METRICS_API_USERNAME>ng="UTF-8"
        standalone="yes"?><customFields size="16"><customField><id>66778<XPC_SERVICE_NAME>32</id><tag>Membership</tag><label>Level</label><text>partner</text></customField><customField><id>66778<XPC_SERVICE_NAME>33</id><tag>Membership</tag><label>Email</label><text>info@ocp.com</text></customField><customField><id>66778<XPC_SERVICE_NAME>34</id><tag>Membership</tag><label>ID</label><text>AB1234YZ</text></customField><customField><id>66778<XPC_SERVICE_NAME>35</id><tag>Membership</tag><label>Newsletter</label><boolean>true</boolean></customField><customField><id>66778<XPC_SERVICE_NAME>36</id><tag>Membership</tag><label>Size</label><text>&gt;1<XPC_SERVICE_NAME><XPC_SERVICE_NAME><XPC_SERVICE_NAME></text></customField><customField><id>66778<XPC_SERVICE_NAME>37</id><tag>Membership</tag><label>Sector</label><text>Energy</text></customField><customField><id>66778<XPC_SERVICE_NAME>38</id><tag>DirectoryEntry</tag><label>Description</label><text>2<XPC_SERVICE_NAME>
        seconds to comply</text></customField><customField><id>66778<XPC_SERVICE_NAME>39</id><tag>DirectoryEntry</tag><label>Homepage</label><text>http://ocp.com</text></customField><customField><id>66778<XPC_SERVICE_NAME>4<XPC_SERVICE_NAME></id><tag>DirectoryEntry</tag><label>Active</label><boolean>true</boolean></customField><customField><id>66778<XPC_SERVICE_NAME>41</id><tag>DirectoryEntry</tag><label>Contact</label><text>Dick
        Jones</text></customField><customField><id>66778<XPC_SERVICE_NAME>42</id><tag>DirectoryEntry</tag><label>Email</label><text>jones@ocp.com</text></customField><customField><id>66778<XPC_SERVICE_NAME>43</id><tag>DirectoryEntry</tag><label>Phone</label><text>+44
        1111 222222</text></customField><customField><id>66778<XPC_SERVICE_NAME>44</id><tag>DirectoryEntry</tag><label>Twitter</label><text>ocp</text></customField><customField><id>66778<XPC_SERVICE_NAME>45</id><tag>DirectoryEntry</tag><label>Linkedin</label><text>http://linkedin.com/company/ocp</text></customField><customField><id>66778<XPC_SERVICE_NAME>46</id><tag>DirectoryEntry</tag><label>Facebook</label><text>http://facebook.com/pages/ocp</text></customField><customField><id>66778<XPC_SERVICE_NAME>47</id><tag>DirectoryEntry</tag><label>Tagline</label><text>empowering
        solutions</text></customField></customFields>
    http_version: 
  recorded_at: Wed, 17 Sep 2014 11:28:50 GMT
- request:
    method: get
    uri: https://<CAPSULECRM_API_TOKEN>:x@<CAPSULECRM_ACCOUNT_NAME>.capsulecrm.com/api/party/67694442
    body:
      encoding: US-ASCII
      string: ''
    headers:
      User-Agent:
      - CapsuleCRM ruby gem
  response:
    status:
      code: 200
      message: OK
    headers:
      Date:
      - Wed, 17 Sep 2<XPC_SERVICE_NAME>14 11:28:51 GMT
      Server:
      - Apache
      X-Frame-Options:
      - DENY
      Set-Cookie:
      - JSESSIONID=; Expires=Thu, <XPC_SERVICE_NAME>1-Jan-197<XPC_SERVICE_NAME> <XPC_SERVICE_NAME><XPC_SERVICE_NAME>:<XPC_SERVICE_NAME><XPC_SERVICE_NAME>:1<XPC_SERVICE_NAME>
        GMT; Path=/
      Content-Length:
      - '346'
      Content-Type:
      - ! '*/*;charset=UTF-8'
    body:
      encoding: US-ASCII
      string: <?xml version="1.<XPC_SERVICE_NAME>" enc<METRICS_API_USERNAME>ng="UTF-8"
        standalone="yes"?><organisation><id>67694442</id><contacts/><pictureURL>https://d365sd3k9yw37.cloudfront.net/a/141<XPC_SERVICE_NAME>7941<XPC_SERVICE_NAME>9/theme/default/images/org_avatar_7<XPC_SERVICE_NAME>.png</pictureURL><createdOn>2<XPC_SERVICE_NAME>14-<XPC_SERVICE_NAME>9-17T11:28:4<XPC_SERVICE_NAME>Z</createdOn><updatedOn>2<XPC_SERVICE_NAME>14-<XPC_SERVICE_NAME>9-17T11:28:5<XPC_SERVICE_NAME>Z</updatedOn><name>Omni
        Consumer Products</name></organisation>
    http_version: 
  recorded_at: Wed, 17 Sep 2014 11:28:50 GMT
- request:
    method: get
    uri: https://<CAPSULECRM_API_TOKEN>:x@<CAPSULECRM_ACCOUNT_NAME>.capsulecrm.com/api/party/67694442/customfield
    body:
      encoding: US-ASCII
      string: ''
    headers:
      User-Agent:
      - CapsuleCRM ruby gem
  response:
    status:
      code: 200
      message: OK
    headers:
      Date:
      - Wed, 17 Sep 2<XPC_SERVICE_NAME>14 11:28:52 GMT
      Server:
      - Apache
      X-Frame-Options:
      - DENY
      Set-Cookie:
      - JSESSIONID=; Expires=Thu, <XPC_SERVICE_NAME>1-Jan-197<XPC_SERVICE_NAME> <XPC_SERVICE_NAME><XPC_SERVICE_NAME>:<XPC_SERVICE_NAME><XPC_SERVICE_NAME>:1<XPC_SERVICE_NAME>
        GMT; Path=/
      Content-Length:
      - '1942'
      Content-Type:
      - ! '*/*;charset=UTF-8'
    body:
      encoding: US-ASCII
      string: <?xml version="1.<XPC_SERVICE_NAME>" enc<METRICS_API_USERNAME>ng="UTF-8"
        standalone="yes"?><customFields size="16"><customField><id>66778<XPC_SERVICE_NAME>32</id><tag>Membership</tag><label>Level</label><text>partner</text></customField><customField><id>66778<XPC_SERVICE_NAME>33</id><tag>Membership</tag><label>Email</label><text>info@ocp.com</text></customField><customField><id>66778<XPC_SERVICE_NAME>34</id><tag>Membership</tag><label>ID</label><text>AB1234YZ</text></customField><customField><id>66778<XPC_SERVICE_NAME>35</id><tag>Membership</tag><label>Newsletter</label><boolean>true</boolean></customField><customField><id>66778<XPC_SERVICE_NAME>36</id><tag>Membership</tag><label>Size</label><text>&gt;1<XPC_SERVICE_NAME><XPC_SERVICE_NAME><XPC_SERVICE_NAME></text></customField><customField><id>66778<XPC_SERVICE_NAME>37</id><tag>Membership</tag><label>Sector</label><text>Energy</text></customField><customField><id>66778<XPC_SERVICE_NAME>38</id><tag>DirectoryEntry</tag><label>Description</label><text>2<XPC_SERVICE_NAME>
        seconds to comply</text></customField><customField><id>66778<XPC_SERVICE_NAME>39</id><tag>DirectoryEntry</tag><label>Homepage</label><text>http://ocp.com</text></customField><customField><id>66778<XPC_SERVICE_NAME>4<XPC_SERVICE_NAME></id><tag>DirectoryEntry</tag><label>Active</label><boolean>true</boolean></customField><customField><id>66778<XPC_SERVICE_NAME>41</id><tag>DirectoryEntry</tag><label>Contact</label><text>Dick
        Jones</text></customField><customField><id>66778<XPC_SERVICE_NAME>42</id><tag>DirectoryEntry</tag><label>Email</label><text>jones@ocp.com</text></customField><customField><id>66778<XPC_SERVICE_NAME>43</id><tag>DirectoryEntry</tag><label>Phone</label><text>+44
        1111 222222</text></customField><customField><id>66778<XPC_SERVICE_NAME>44</id><tag>DirectoryEntry</tag><label>Twitter</label><text>ocp</text></customField><customField><id>66778<XPC_SERVICE_NAME>45</id><tag>DirectoryEntry</tag><label>Linkedin</label><text>http://linkedin.com/company/ocp</text></customField><customField><id>66778<XPC_SERVICE_NAME>46</id><tag>DirectoryEntry</tag><label>Facebook</label><text>http://facebook.com/pages/ocp</text></customField><customField><id>66778<XPC_SERVICE_NAME>47</id><tag>DirectoryEntry</tag><label>Tagline</label><text>empowering
        solutions</text></customField></customFields>
    http_version: 
  recorded_at: Wed, 17 Sep 2014 11:28:50 GMT
- request:
    method: delete
    uri: https://<CAPSULECRM_API_TOKEN>:x@<CAPSULECRM_ACCOUNT_NAME>.capsulecrm.com/api/party/67694442
    body:
      encoding: US-ASCII
      string: ''
    headers:
      User-Agent:
      - CapsuleCRM ruby gem
  response:
    status:
      code: 200
      message: OK
    headers:
      Date:
      - Wed, 17 Sep 2<XPC_SERVICE_NAME>14 11:28:52 GMT
      Server:
      - Apache
      X-Frame-Options:
      - DENY
      Set-Cookie:
      - JSESSIONID=; Expires=Thu, <XPC_SERVICE_NAME>1-Jan-197<XPC_SERVICE_NAME> <XPC_SERVICE_NAME><XPC_SERVICE_NAME>:<XPC_SERVICE_NAME><XPC_SERVICE_NAME>:1<XPC_SERVICE_NAME>
        GMT; Path=/
      Content-Length:
      - <XPC_SERVICE_NAME>
    body:
      encoding: US-ASCII
      string: ''
    http_version: 
  recorded_at: Wed, 17 Sep 2014 11:28:51 GMT
recorded_with: VCR 2.8.0
